
> janus-observatory@0.1.0 test:e2e /Users/ceron/Developer/Projects/janus-observatory
> playwright test

[WebServer] (node:16415) Warning: The 'NO_COLOR' env is ignored due to the 'FORCE_COLOR' env being set.
[WebServer] (Use `node --trace-warnings ...` to show where the warning was created)
[WebServer] (node:16464) Warning: The 'NO_COLOR' env is ignored due to the 'FORCE_COLOR' env being set.
[WebServer] (Use `node --trace-warnings ...` to show where the warning was created)
[WebServer] (node:16464) Warning: The 'NO_COLOR' env is ignored due to the 'FORCE_COLOR' env being set.
[WebServer] (Use `node --trace-warnings ...` to show where the warning was created)
[WebServer] (node:16685) Warning: The 'NO_COLOR' env is ignored due to the 'FORCE_COLOR' env being set.
[WebServer] (Use `node --trace-warnings ...` to show where the warning was created)
[WebServer] (node:16680) Warning: The 'NO_COLOR' env is ignored due to the 'FORCE_COLOR' env being set.
[WebServer] (Use `node --trace-warnings ...` to show where the warning was created)
[WebServer] (node:16678) Warning: The 'NO_COLOR' env is ignored due to the 'FORCE_COLOR' env being set.
[WebServer] (Use `node --trace-warnings ...` to show where the warning was created)
[WebServer] (node:16686) Warning: The 'NO_COLOR' env is ignored due to the 'FORCE_COLOR' env being set.
[WebServer] (Use `node --trace-warnings ...` to show where the warning was created)
[WebServer] (node:16689) Warning: The 'NO_COLOR' env is ignored due to the 'FORCE_COLOR' env being set.
[WebServer] (Use `node --trace-warnings ...` to show where the warning was created)
[WebServer] (node:16682) Warning: The 'NO_COLOR' env is ignored due to the 'FORCE_COLOR' env being set.
[WebServer] (Use `node --trace-warnings ...` to show where the warning was created)
[WebServer] (node:16679) Warning: The 'NO_COLOR' env is ignored due to the 'FORCE_COLOR' env being set.
[WebServer] (Use `node --trace-warnings ...` to show where the warning was created)
[WebServer] (node:16688) Warning: The 'NO_COLOR' env is ignored due to the 'FORCE_COLOR' env being set.
[WebServer] (Use `node --trace-warnings ...` to show where the warning was created)
[WebServer] (node:16690) Warning: The 'NO_COLOR' env is ignored due to the 'FORCE_COLOR' env being set.
[WebServer] (Use `node --trace-warnings ...` to show where the warning was created)
[WebServer] (node:16683) Warning: The 'NO_COLOR' env is ignored due to the 'FORCE_COLOR' env being set.
[WebServer] (Use `node --trace-warnings ...` to show where the warning was created)
[WebServer] (node:16692) Warning: The 'NO_COLOR' env is ignored due to the 'FORCE_COLOR' env being set.
[WebServer] (Use `node --trace-warnings ...` to show where the warning was created)
[WebServer] (node:16684) Warning: The 'NO_COLOR' env is ignored due to the 'FORCE_COLOR' env being set.
[WebServer] (Use `node --trace-warnings ...` to show where the warning was created)
[WebServer] (node:16691) Warning: The 'NO_COLOR' env is ignored due to the 'FORCE_COLOR' env being set.
[WebServer] (Use `node --trace-warnings ...` to show where the warning was created)
[WebServer] (node:16725) Warning: The 'NO_COLOR' env is ignored due to the 'FORCE_COLOR' env being set.
[WebServer] (Use `node --trace-warnings ...` to show where the warning was created)
[WebServer] (node:16772) Warning: The 'NO_COLOR' env is ignored due to the 'FORCE_COLOR' env being set.
[WebServer] (Use `node --trace-warnings ...` to show where the warning was created)

Running 170 tests using 2 workers

(node:16787) Warning: The 'NO_COLOR' env is ignored due to the 'FORCE_COLOR' env being set.
(Use `node --trace-warnings ...` to show where the warning was created)
(node:16788) Warning: The 'NO_COLOR' env is ignored due to the 'FORCE_COLOR' env being set.
(Use `node --trace-warnings ...` to show where the warning was created)
  ✓    1 [chromium] › apps/web/e2e/accessibility.spec.ts:42:7 › /observatory?scenario=S9&instrument=deep_space_probes has no automatically detectable WCAG A/AA violations (1.0s)
  ✓    2 [chromium] › apps/web/e2e/accessibility.spec.ts:42:7 › /atlas?compare=S1,S4,S9 has no automatically detectable WCAG A/AA violations (1.1s)
  ✓    4 [chromium] › apps/web/e2e/accessibility.spec.ts:42:7 › /methods has no automatically detectable WCAG A/AA violations (581ms)
  ✓    3 [chromium] › apps/web/e2e/accessibility.spec.ts:42:7 › /atlas/s9 has no automatically detectable WCAG A/AA violations (859ms)
  ✓    6 [chromium] › apps/web/e2e/accessibility.spec.ts:42:7 › /accessibility has no automatically detectable WCAG A/AA violations (518ms)
  ✓    7 [chromium] › apps/web/e2e/accessibility.spec.ts:42:7 › /research has no automatically detectable WCAG A/AA violations (535ms)
  ✓    5 [chromium] › apps/web/e2e/accessibility.spec.ts:42:7 › /sources has no automatically detectable WCAG A/AA violations (1.3s)
  ✓    8 [chromium] › apps/web/e2e/accessibility.spec.ts:42:7 › /research/resilience has no automatically detectable WCAG A/AA violations (662ms)
  ✓    9 [chromium] › apps/web/e2e/accessibility.spec.ts:42:7 › /research/concordia has no automatically detectable WCAG A/AA violations (644ms)
  ✓   10 [chromium] › apps/web/e2e/accessibility.spec.ts:42:7 › /privacy has no automatically detectable WCAG A/AA violations (498ms)
  ✓   11 [chromium] › apps/web/e2e/accessibility.spec.ts:42:7 › /this-route-does-not-exist has no automatically detectable WCAG A/AA violations (460ms)
  ✓   13 [chromium] › apps/web/e2e/accessibility.spec.ts:62:5 › / reading mode is entered and axe-scanned as the complete article (1.0s)
  ✓   12 [chromium] › apps/web/e2e/accessibility.spec.ts:52:5 › / guided mode has no automatically detectable WCAG A/AA violations (1.7s)
  ✓   14 [chromium] › apps/web/e2e/cinematic.spec.ts:13:5 › one canvas survives every world, reverse jumps, and the observer (3.1s)
  ✓   15 [chromium] › apps/web/e2e/cinematic.spec.ts:52:5 › the telescope can be entered, exited, and reversed during travel (5.2s)
  ✓   16 [chromium] › apps/web/e2e/cinematic.spec.ts:79:5 › observer continues moving while scroll stays still and reduced motion freezes it (6.8s)
  ✓   17 [chromium] › apps/web/e2e/cinematic.spec.ts:107:5 › desktop and mobile compositions have no page overflow and retain readable profiles (6.4s)
  ✓   19 [chromium] › apps/web/e2e/explorers.spec.ts:77:7 › Atlas analytical controls › deduplicates malformed comparison URLs before enforcing the limit (321ms)
  ✓   18 [chromium] › apps/web/e2e/explorers.spec.ts:4:7 › Observatory URL state › restores and updates a shareable scenario/instrument selection (2.8s)
  ✓   20 [chromium] › apps/web/e2e/explorers.spec.ts:87:7 › Atlas analytical controls › restores comparison state and enforces the three-scenario limit (609ms)
  ✓   21 [chromium] › apps/web/e2e/explorers.spec.ts:114:7 › Atlas analytical controls › switches among sourced analytical dimensions without ranking scenarios (785ms)
  ✓   22 [chromium] › apps/web/e2e/explorers.spec.ts:153:7 › Atlas analytical controls › keeps chronology, downloads, museum rights, and record detail evidence distinct (487ms)
  ✓   23 [chromium] › apps/web/e2e/explorers.spec.ts:191:7 › Methods validation disclosure › bounds the independent report and serves the manifest-verified artifact (267ms)
  ✓   25 [chromium] › apps/web/e2e/security.spec.ts:25:5 › does not send HSTS from the default local HTTP deployment (7ms)
  ✓   24 [chromium] › apps/web/e2e/security.spec.ts:3:5 › serves an enforced CSP for the static app and admitted spatial resources (387ms)
  ✓   26 [chromium] › apps/web/e2e/story.spec.ts:12:5 › the story is complete before WebGL and links every scenario to its data (518ms)
  ✓   28 [chromium] › apps/web/e2e/story.spec.ts:51:5 › reading mode preserves all ten profiles, matrix and native data table (720ms)
  ✓   27 [chromium] › apps/web/e2e/story.spec.ts:36:5 › keyboard jumps and fast reversals reconcile to the final chapter (1.4s)
  ✓   29 [chromium] › apps/web/e2e/story.spec.ts:71:5 › matrix preserves blanks and reports the selected canonical signatures (761ms)
  ✓   30 [chromium] › apps/web/e2e/story.spec.ts:85:5 › log chart selection exposes exact canonical values (740ms)
  ✓   31 [chromium] › apps/web/e2e/story.spec.ts:102:5 › index closes with Escape and restores focus (697ms)
  ✓   33 [chromium] › apps/web/e2e/story.spec.ts:128:5 › WebGL failure preserves story and offers a retry (544ms)
  ✓   34 [chromium] › apps/web/e2e/story.spec.ts:156:5 › core narrative and source tables survive JavaScript being unavailable (207ms)
(node:18745) Warning: The 'NO_COLOR' env is ignored due to the 'FORCE_COLOR' env being set.
(Use `node --trace-warnings ...` to show where the warning was created)
  ✓   32 [chromium] › apps/web/e2e/story.spec.ts:114:5 › reduced motion remains selected after reload and restores a session chapter (1.6s)
(node:18761) Warning: The 'NO_COLOR' env is ignored due to the 'FORCE_COLOR' env being set.
(Use `node --trace-warnings ...` to show where the warning was created)
  ✓   35 [firefox] › apps/web/e2e/accessibility.spec.ts:42:7 › /observatory?scenario=S9&instrument=deep_space_probes has no automatically detectable WCAG A/AA violations (1.7s)
  ✓   36 [firefox] › apps/web/e2e/accessibility.spec.ts:42:7 › /atlas?compare=S1,S4,S9 has no automatically detectable WCAG A/AA violations (1.9s)
  ✓   37 [firefox] › apps/web/e2e/accessibility.spec.ts:42:7 › /atlas/s9 has no automatically detectable WCAG A/AA violations (1.3s)
  ✓   38 [firefox] › apps/web/e2e/accessibility.spec.ts:42:7 › /methods has no automatically detectable WCAG A/AA violations (845ms)
  ✓   40 [firefox] › apps/web/e2e/accessibility.spec.ts:42:7 › /accessibility has no automatically detectable WCAG A/AA violations (698ms)
  ✓   41 [firefox] › apps/web/e2e/accessibility.spec.ts:42:7 › /research has no automatically detectable WCAG A/AA violations (697ms)
  ✓   39 [firefox] › apps/web/e2e/accessibility.spec.ts:42:7 › /sources has no automatically detectable WCAG A/AA violations (1.8s)
  ✓   42 [firefox] › apps/web/e2e/accessibility.spec.ts:42:7 › /research/resilience has no automatically detectable WCAG A/AA violations (858ms)
  ✓   43 [firefox] › apps/web/e2e/accessibility.spec.ts:42:7 › /research/concordia has no automatically detectable WCAG A/AA violations (694ms)
  ✓   44 [firefox] › apps/web/e2e/accessibility.spec.ts:42:7 › /privacy has no automatically detectable WCAG A/AA violations (651ms)
  ✓   45 [firefox] › apps/web/e2e/accessibility.spec.ts:42:7 › /this-route-does-not-exist has no automatically detectable WCAG A/AA violations (624ms)
  ✓   46 [firefox] › apps/web/e2e/accessibility.spec.ts:52:5 › / guided mode has no automatically detectable WCAG A/AA violations (1.8s)
  ✓   47 [firefox] › apps/web/e2e/accessibility.spec.ts:62:5 › / reading mode is entered and axe-scanned as the complete article (1.7s)
  ✓   48 [firefox] › apps/web/e2e/cinematic.spec.ts:13:5 › one canvas survives every world, reverse jumps, and the observer (2.3s)
  -   50 [firefox] › apps/web/e2e/cinematic.spec.ts:79:5 › observer continues moving while scroll stays still and reduced motion freezes it
  ✓   49 [firefox] › apps/web/e2e/cinematic.spec.ts:52:5 › the telescope can be entered, exited, and reversed during travel (3.7s)
  ✓   52 [firefox] › apps/web/e2e/explorers.spec.ts:4:7 › Observatory URL state › restores and updates a shareable scenario/instrument selection (944ms)
  ✓   53 [firefox] › apps/web/e2e/explorers.spec.ts:77:7 › Atlas analytical controls › deduplicates malformed comparison URLs before enforcing the limit (350ms)
  ✓   51 [firefox] › apps/web/e2e/cinematic.spec.ts:107:5 › desktop and mobile compositions have no page overflow and retain readable profiles (3.1s)
  ✓   54 [firefox] › apps/web/e2e/explorers.spec.ts:87:7 › Atlas analytical controls › restores comparison state and enforces the three-scenario limit (917ms)
  ✓   55 [firefox] › apps/web/e2e/explorers.spec.ts:114:7 › Atlas analytical controls › switches among sourced analytical dimensions without ranking scenarios (817ms)
  ✓   56 [firefox] › apps/web/e2e/explorers.spec.ts:153:7 › Atlas analytical controls › keeps chronology, downloads, museum rights, and record detail evidence distinct (546ms)
  ✓   57 [firefox] › apps/web/e2e/explorers.spec.ts:191:7 › Methods validation disclosure › bounds the independent report and serves the manifest-verified artifact (338ms)
  ✓   59 [firefox] › apps/web/e2e/security.spec.ts:25:5 › does not send HSTS from the default local HTTP deployment (8ms)
  ✓   58 [firefox] › apps/web/e2e/security.spec.ts:3:5 › serves an enforced CSP for the static app and admitted spatial resources (383ms)
  ✓   60 [firefox] › apps/web/e2e/story.spec.ts:12:5 › the story is complete before WebGL and links every scenario to its data (620ms)
  ✓   61 [firefox] › apps/web/e2e/story.spec.ts:36:5 › keyboard jumps and fast reversals reconcile to the final chapter (1.4s)
  ✓   62 [firefox] › apps/web/e2e/story.spec.ts:51:5 › reading mode preserves all ten profiles, matrix and native data table (980ms)
  ✓   63 [firefox] › apps/web/e2e/story.spec.ts:71:5 › matrix preserves blanks and reports the selected canonical signatures (732ms)
  ✓   64 [firefox] › apps/web/e2e/story.spec.ts:85:5 › log chart selection exposes exact canonical values (943ms)
  ✓   65 [firefox] › apps/web/e2e/story.spec.ts:102:5 › index closes with Escape and restores focus (616ms)
  ✓   67 [firefox] › apps/web/e2e/story.spec.ts:128:5 › WebGL failure preserves story and offers a retry (578ms)
  ✓   66 [firefox] › apps/web/e2e/story.spec.ts:114:5 › reduced motion remains selected after reload and restores a session chapter (1.0s)
  ✓   68 [firefox] › apps/web/e2e/story.spec.ts:156:5 › core narrative and source tables survive JavaScript being unavailable (248ms)
(node:20162) Warning: The 'NO_COLOR' env is ignored due to the 'FORCE_COLOR' env being set.
(Use `node --trace-warnings ...` to show where the warning was created)
(node:20163) Warning: The 'NO_COLOR' env is ignored due to the 'FORCE_COLOR' env being set.
(Use `node --trace-warnings ...` to show where the warning was created)
  ✓   69 [webkit] › apps/web/e2e/accessibility.spec.ts:42:7 › /observatory?scenario=S9&instrument=deep_space_probes has no automatically detectable WCAG A/AA violations (1.9s)
  ✓   70 [webkit] › apps/web/e2e/accessibility.spec.ts:42:7 › /atlas?compare=S1,S4,S9 has no automatically detectable WCAG A/AA violations (2.2s)
  ✓   71 [webkit] › apps/web/e2e/accessibility.spec.ts:42:7 › /atlas/s9 has no automatically detectable WCAG A/AA violations (1.3s)
  ✓   72 [webkit] › apps/web/e2e/accessibility.spec.ts:42:7 › /methods has no automatically detectable WCAG A/AA violations (958ms)
  ✓   74 [webkit] › apps/web/e2e/accessibility.spec.ts:42:7 › /accessibility has no automatically detectable WCAG A/AA violations (956ms)
  ✓   73 [webkit] › apps/web/e2e/accessibility.spec.ts:42:7 › /sources has no automatically detectable WCAG A/AA violations (1.8s)
  ✓   75 [webkit] › apps/web/e2e/accessibility.spec.ts:42:7 › /research has no automatically detectable WCAG A/AA violations (1.0s)
  ✓   76 [webkit] › apps/web/e2e/accessibility.spec.ts:42:7 › /research/resilience has no automatically detectable WCAG A/AA violations (990ms)
  ✓   77 [webkit] › apps/web/e2e/accessibility.spec.ts:42:7 › /research/concordia has no automatically detectable WCAG A/AA violations (983ms)
  ✓   78 [webkit] › apps/web/e2e/accessibility.spec.ts:42:7 › /privacy has no automatically detectable WCAG A/AA violations (892ms)
  ✓   79 [webkit] › apps/web/e2e/accessibility.spec.ts:42:7 › /this-route-does-not-exist has no automatically detectable WCAG A/AA violations (814ms)
  ✓   81 [webkit] › apps/web/e2e/accessibility.spec.ts:62:5 › / reading mode is entered and axe-scanned as the complete article (1.6s)
  ✓   80 [webkit] › apps/web/e2e/accessibility.spec.ts:52:5 › / guided mode has no automatically detectable WCAG A/AA violations (1.9s)
  ✓   82 [webkit] › apps/web/e2e/cinematic.spec.ts:13:5 › one canvas survives every world, reverse jumps, and the observer (2.9s)
  -   84 [webkit] › apps/web/e2e/cinematic.spec.ts:79:5 › observer continues moving while scroll stays still and reduced motion freezes it
  ✓   83 [webkit] › apps/web/e2e/cinematic.spec.ts:52:5 › the telescope can be entered, exited, and reversed during travel (3.1s)
  ✓   86 [webkit] › apps/web/e2e/explorers.spec.ts:4:7 › Observatory URL state › restores and updates a shareable scenario/instrument selection (2.9s)
  ✓   85 [webkit] › apps/web/e2e/cinematic.spec.ts:107:5 › desktop and mobile compositions have no page overflow and retain readable profiles (3.7s)
  ✓   87 [webkit] › apps/web/e2e/explorers.spec.ts:77:7 › Atlas analytical controls › deduplicates malformed comparison URLs before enforcing the limit (1.1s)
  ✓   88 [webkit] › apps/web/e2e/explorers.spec.ts:87:7 › Atlas analytical controls › restores comparison state and enforces the three-scenario limit (1.4s)
  ✓   89 [webkit] › apps/web/e2e/explorers.spec.ts:114:7 › Atlas analytical controls › switches among sourced analytical dimensions without ranking scenarios (1.4s)
  ✓   90 [webkit] › apps/web/e2e/explorers.spec.ts:153:7 › Atlas analytical controls › keeps chronology, downloads, museum rights, and record detail evidence distinct (863ms)
  ✓   91 [webkit] › apps/web/e2e/explorers.spec.ts:191:7 › Methods validation disclosure › bounds the independent report and serves the manifest-verified artifact (603ms)
  ✓   93 [webkit] › apps/web/e2e/security.spec.ts:25:5 › does not send HSTS from the default local HTTP deployment (7ms)
  ✓   92 [webkit] › apps/web/e2e/security.spec.ts:3:5 › serves an enforced CSP for the static app and admitted spatial resources (740ms)
  ✓   94 [webkit] › apps/web/e2e/story.spec.ts:12:5 › the story is complete before WebGL and links every scenario to its data (947ms)
  ✓   95 [webkit] › apps/web/e2e/story.spec.ts:36:5 › keyboard jumps and fast reversals reconcile to the final chapter (1.9s)
  ✓   96 [webkit] › apps/web/e2e/story.spec.ts:51:5 › reading mode preserves all ten profiles, matrix and native data table (1.9s)
  ✓   97 [webkit] › apps/web/e2e/story.spec.ts:71:5 › matrix preserves blanks and reports the selected canonical signatures (1.6s)
  ✓   98 [webkit] › apps/web/e2e/story.spec.ts:85:5 › log chart selection exposes exact canonical values (1.6s)
  ✓   99 [webkit] › apps/web/e2e/story.spec.ts:102:5 › index closes with Escape and restores focus (1.2s)
  ✓  100 [webkit] › apps/web/e2e/story.spec.ts:114:5 › reduced motion remains selected after reload and restores a session chapter (1.8s)
  ✓  101 [webkit] › apps/web/e2e/story.spec.ts:128:5 › WebGL failure preserves story and offers a retry (1.4s)
  ✓  102 [webkit] › apps/web/e2e/story.spec.ts:156:5 › core narrative and source tables survive JavaScript being unavailable (613ms)
(node:21462) Warning: The 'NO_COLOR' env is ignored due to the 'FORCE_COLOR' env being set.
(Use `node --trace-warnings ...` to show where the warning was created)
(node:21536) Warning: The 'NO_COLOR' env is ignored due to the 'FORCE_COLOR' env being set.
(Use `node --trace-warnings ...` to show where the warning was created)
  ✓  103 [mobile-chromium] › apps/web/e2e/accessibility.spec.ts:42:7 › /observatory?scenario=S9&instrument=deep_space_probes has no automatically detectable WCAG A/AA violations (1.2s)
  ✓  104 [mobile-chromium] › apps/web/e2e/accessibility.spec.ts:42:7 › /atlas?compare=S1,S4,S9 has no automatically detectable WCAG A/AA violations (1.4s)
  ✓  105 [mobile-chromium] › apps/web/e2e/accessibility.spec.ts:42:7 › /atlas/s9 has no automatically detectable WCAG A/AA violations (1.1s)
  ✓  106 [mobile-chromium] › apps/web/e2e/accessibility.spec.ts:42:7 › /methods has no automatically detectable WCAG A/AA violations (748ms)
  ✓  107 [mobile-chromium] › apps/web/e2e/accessibility.spec.ts:42:7 › /sources has no automatically detectable WCAG A/AA violations (950ms)
  ✓  108 [mobile-chromium] › apps/web/e2e/accessibility.spec.ts:42:7 › /accessibility has no automatically detectable WCAG A/AA violations (907ms)
  ✓  110 [mobile-chromium] › apps/web/e2e/accessibility.spec.ts:42:7 › /research/resilience has no automatically detectable WCAG A/AA violations (1.4s)
  ✓  109 [mobile-chromium] › apps/web/e2e/accessibility.spec.ts:42:7 › /research has no automatically detectable WCAG A/AA violations (1.4s)
  ✓  112 [mobile-chromium] › apps/web/e2e/accessibility.spec.ts:42:7 › /privacy has no automatically detectable WCAG A/AA violations (681ms)
  ✓  111 [mobile-chromium] › apps/web/e2e/accessibility.spec.ts:42:7 › /research/concordia has no automatically detectable WCAG A/AA violations (749ms)
  ✓  113 [mobile-chromium] › apps/web/e2e/accessibility.spec.ts:42:7 › /this-route-does-not-exist has no automatically detectable WCAG A/AA violations (637ms)
  ✓  114 [mobile-chromium] › apps/web/e2e/accessibility.spec.ts:52:5 › / guided mode has no automatically detectable WCAG A/AA violations (2.0s)
  ✓  115 [mobile-chromium] › apps/web/e2e/accessibility.spec.ts:62:5 › / reading mode is entered and axe-scanned as the complete article (1.6s)
  ✓  116 [mobile-chromium] › apps/web/e2e/cinematic.spec.ts:13:5 › one canvas survives every world, reverse jumps, and the observer (4.3s)
  -  118 [mobile-chromium] › apps/web/e2e/cinematic.spec.ts:79:5 › observer continues moving while scroll stays still and reduced motion freezes it
  ✓  117 [mobile-chromium] › apps/web/e2e/cinematic.spec.ts:52:5 › the telescope can be entered, exited, and reversed during travel (11.2s)
  ✓  120 [mobile-chromium] › apps/web/e2e/explorers.spec.ts:4:7 › Observatory URL state › restores and updates a shareable scenario/instrument selection (3.2s)
  ✓  121 [mobile-chromium] › apps/web/e2e/explorers.spec.ts:77:7 › Atlas analytical controls › deduplicates malformed comparison URLs before enforcing the limit (545ms)
  ✓  122 [mobile-chromium] › apps/web/e2e/explorers.spec.ts:87:7 › Atlas analytical controls › restores comparison state and enforces the three-scenario limit (809ms)
  ✓  119 [mobile-chromium] › apps/web/e2e/cinematic.spec.ts:107:5 › desktop and mobile compositions have no page overflow and retain readable profiles (12.2s)
  ✓  123 [mobile-chromium] › apps/web/e2e/explorers.spec.ts:114:7 › Atlas analytical controls › switches among sourced analytical dimensions without ranking scenarios (970ms)
  ✓  124 [mobile-chromium] › apps/web/e2e/explorers.spec.ts:153:7 › Atlas analytical controls › keeps chronology, downloads, museum rights, and record detail evidence distinct (712ms)
  ✓  125 [mobile-chromium] › apps/web/e2e/explorers.spec.ts:191:7 › Methods validation disclosure › bounds the independent report and serves the manifest-verified artifact (509ms)
  ✓  127 [mobile-chromium] › apps/web/e2e/security.spec.ts:25:5 › does not send HSTS from the default local HTTP deployment (14ms)
  ✓  126 [mobile-chromium] › apps/web/e2e/security.spec.ts:3:5 › serves an enforced CSP for the static app and admitted spatial resources (822ms)
  ✓  128 [mobile-chromium] › apps/web/e2e/story.spec.ts:12:5 › the story is complete before WebGL and links every scenario to its data (1.3s)
  ✓  130 [mobile-chromium] › apps/web/e2e/story.spec.ts:51:5 › reading mode preserves all ten profiles, matrix and native data table (2.3s)
  ✓  129 [mobile-chromium] › apps/web/e2e/story.spec.ts:36:5 › keyboard jumps and fast reversals reconcile to the final chapter (3.1s)
  ✓  131 [mobile-chromium] › apps/web/e2e/story.spec.ts:71:5 › matrix preserves blanks and reports the selected canonical signatures (1.4s)
  ✓  132 [mobile-chromium] › apps/web/e2e/story.spec.ts:85:5 › log chart selection exposes exact canonical values (1.4s)
  ✓  133 [mobile-chromium] › apps/web/e2e/story.spec.ts:102:5 › index closes with Escape and restores focus (1.4s)
  ✓  134 [mobile-chromium] › apps/web/e2e/story.spec.ts:114:5 › reduced motion remains selected after reload and restores a session chapter (1.5s)
  ✓  136 [mobile-chromium] › apps/web/e2e/story.spec.ts:156:5 › core narrative and source tables survive JavaScript being unavailable (354ms)
  ✓  135 [mobile-chromium] › apps/web/e2e/story.spec.ts:128:5 › WebGL failure preserves story and offers a retry (836ms)
(node:25726) Warning: The 'NO_COLOR' env is ignored due to the 'FORCE_COLOR' env being set.
(Use `node --trace-warnings ...` to show where the warning was created)
(node:25729) Warning: The 'NO_COLOR' env is ignored due to the 'FORCE_COLOR' env being set.
(Use `node --trace-warnings ...` to show where the warning was created)
  ✓  137 [mobile-webkit] › apps/web/e2e/accessibility.spec.ts:42:7 › /observatory?scenario=S9&instrument=deep_space_probes has no automatically detectable WCAG A/AA violations (2.5s)
  ✓  138 [mobile-webkit] › apps/web/e2e/accessibility.spec.ts:42:7 › /atlas?compare=S1,S4,S9 has no automatically detectable WCAG A/AA violations (2.7s)
  ✓  140 [mobile-webkit] › apps/web/e2e/accessibility.spec.ts:42:7 › /methods has no automatically detectable WCAG A/AA violations (1.2s)
  ✓  139 [mobile-webkit] › apps/web/e2e/accessibility.spec.ts:42:7 › /atlas/s9 has no automatically detectable WCAG A/AA violations (1.4s)
  ✓  142 [mobile-webkit] › apps/web/e2e/accessibility.spec.ts:42:7 › /accessibility has no automatically detectable WCAG A/AA violations (1.0s)
  ✓  141 [mobile-webkit] › apps/web/e2e/accessibility.spec.ts:42:7 › /sources has no automatically detectable WCAG A/AA violations (2.0s)
  ✓  143 [mobile-webkit] › apps/web/e2e/accessibility.spec.ts:42:7 › /research has no automatically detectable WCAG A/AA violations (1.2s)
  ✓  144 [mobile-webkit] › apps/web/e2e/accessibility.spec.ts:42:7 › /research/resilience has no automatically detectable WCAG A/AA violations (1.1s)
  ✓  145 [mobile-webkit] › apps/web/e2e/accessibility.spec.ts:42:7 › /research/concordia has no automatically detectable WCAG A/AA violations (1.1s)
  ✓  146 [mobile-webkit] › apps/web/e2e/accessibility.spec.ts:42:7 › /privacy has no automatically detectable WCAG A/AA violations (1.3s)
  ✓  147 [mobile-webkit] › apps/web/e2e/accessibility.spec.ts:42:7 › /this-route-does-not-exist has no automatically detectable WCAG A/AA violations (1.2s)
  ✓  148 [mobile-webkit] › apps/web/e2e/accessibility.spec.ts:52:5 › / guided mode has no automatically detectable WCAG A/AA violations (2.6s)
  ✓  149 [mobile-webkit] › apps/web/e2e/accessibility.spec.ts:62:5 › / reading mode is entered and axe-scanned as the complete article (2.6s)
  ✓  150 [mobile-webkit] › apps/web/e2e/cinematic.spec.ts:13:5 › one canvas survives every world, reverse jumps, and the observer (2.8s)
  -  152 [mobile-webkit] › apps/web/e2e/cinematic.spec.ts:79:5 › observer continues moving while scroll stays still and reduced motion freezes it
  ✓  151 [mobile-webkit] › apps/web/e2e/cinematic.spec.ts:52:5 › the telescope can be entered, exited, and reversed during travel (3.6s)
  ✓  153 [mobile-webkit] › apps/web/e2e/cinematic.spec.ts:107:5 › desktop and mobile compositions have no page overflow and retain readable profiles (3.6s)
  ✓  155 [mobile-webkit] › apps/web/e2e/explorers.spec.ts:77:7 › Atlas analytical controls › deduplicates malformed comparison URLs before enforcing the limit (865ms)
  ✓  154 [mobile-webkit] › apps/web/e2e/explorers.spec.ts:4:7 › Observatory URL state › restores and updates a shareable scenario/instrument selection (3.9s)
  ✓  156 [mobile-webkit] › apps/web/e2e/explorers.spec.ts:87:7 › Atlas analytical controls › restores comparison state and enforces the three-scenario limit (1.2s)
  ✓  157 [mobile-webkit] › apps/web/e2e/explorers.spec.ts:114:7 › Atlas analytical controls › switches among sourced analytical dimensions without ranking scenarios (1.3s)
  ✓  158 [mobile-webkit] › apps/web/e2e/explorers.spec.ts:153:7 › Atlas analytical controls › keeps chronology, downloads, museum rights, and record detail evidence distinct (833ms)
  ✓  159 [mobile-webkit] › apps/web/e2e/explorers.spec.ts:191:7 › Methods validation disclosure › bounds the independent report and serves the manifest-verified artifact (617ms)
  ✓  161 [mobile-webkit] › apps/web/e2e/security.spec.ts:25:5 › does not send HSTS from the default local HTTP deployment (14ms)
  ✓  160 [mobile-webkit] › apps/web/e2e/security.spec.ts:3:5 › serves an enforced CSP for the static app and admitted spatial resources (637ms)
  ✓  162 [mobile-webkit] › apps/web/e2e/story.spec.ts:12:5 › the story is complete before WebGL and links every scenario to its data (935ms)
  ✓  163 [mobile-webkit] › apps/web/e2e/story.spec.ts:36:5 › keyboard jumps and fast reversals reconcile to the final chapter (1.5s)
  ✓  164 [mobile-webkit] › apps/web/e2e/story.spec.ts:51:5 › reading mode preserves all ten profiles, matrix and native data table (1.4s)
  ✓  165 [mobile-webkit] › apps/web/e2e/story.spec.ts:71:5 › matrix preserves blanks and reports the selected canonical signatures (1.0s)
  ✓  166 [mobile-webkit] › apps/web/e2e/story.spec.ts:85:5 › log chart selection exposes exact canonical values (1.4s)
  ✓  167 [mobile-webkit] › apps/web/e2e/story.spec.ts:102:5 › index closes with Escape and restores focus (836ms)
  ✓  169 [mobile-webkit] › apps/web/e2e/story.spec.ts:128:5 › WebGL failure preserves story and offers a retry (931ms)
  ✓  170 [mobile-webkit] › apps/web/e2e/story.spec.ts:156:5 › core narrative and source tables survive JavaScript being unavailable (468ms)
  ✓  168 [mobile-webkit] › apps/web/e2e/story.spec.ts:114:5 › reduced motion remains selected after reload and restores a session chapter (1.7s)

  4 skipped
  166 passed (2.2m)
