
> janus-observatory@0.1.0 qa:motion /Users/ceron/Developer/Projects/janus-observatory
> tsx scripts/capture-premium-motion-qa.ts docs/qa/first-light/motion

{
  "cadence": [
    {
      "label": "desktop native forward/reverse world transition",
      "samples": 720,
      "p50Ms": 8.300000000000182,
      "p95Ms": 9.199999999999818,
      "p99Ms": 9.300000000000182,
      "longestMs": 9.400000000000546,
      "meanHz": 119.9980000333331,
      "scenes": [
        "s1",
        "s2"
      ],
      "returnsToStartingScroll": true
    },
    {
      "label": "desktop autonomous organism, stationary scroll",
      "samples": 721,
      "p50Ms": 8.300000000001091,
      "p95Ms": 9.100000000000364,
      "p99Ms": 9.299999999999272,
      "longestMs": 9.300000000001091,
      "meanHz": 119.99866853072362,
      "scenes": [
        "observer"
      ],
      "returnsToStartingScroll": true
    },
    {
      "label": "portrait native forward/reverse world transition",
      "samples": 721,
      "p50Ms": 8.300000000000182,
      "p95Ms": 9.199999999999818,
      "p99Ms": 9.300000000000182,
      "longestMs": 9.400000000000546,
      "meanHz": 119.99866853072406,
      "scenes": [
        "s1",
        "s2"
      ],
      "returnsToStartingScroll": true
    },
    {
      "label": "portrait autonomous organism, stationary scroll",
      "samples": 720,
      "p50Ms": 8.300000000001091,
      "p95Ms": 9.100000000000364,
      "p99Ms": 9.299999999999272,
      "longestMs": 9.300000000001091,
      "meanHz": 120,
      "scenes": [
        "observer"
      ],
      "returnsToStartingScroll": true
    }
  ],
  "issues": [],
  "outputRoot": "/Users/ceron/Developer/Projects/janus-observatory/docs/qa/first-light/motion"
}
