
> janus-observatory@0.1.0 test:e2e /Users/ceron/Developer/Projects/janus-observatory
> playwright test

[WebServer] (node:42848) Warning: The 'NO_COLOR' env is ignored due to the 'FORCE_COLOR' env being set.
[WebServer] (Use `node --trace-warnings ...` to show where the warning was created)
[WebServer] (node:42869) Warning: The 'NO_COLOR' env is ignored due to the 'FORCE_COLOR' env being set.
[WebServer] (Use `node --trace-warnings ...` to show where the warning was created)
[WebServer] (node:42869) Warning: The 'NO_COLOR' env is ignored due to the 'FORCE_COLOR' env being set.
[WebServer] (Use `node --trace-warnings ...` to show where the warning was created)
[WebServer] (node:42999) Warning: The 'NO_COLOR' env is ignored due to the 'FORCE_COLOR' env being set.
[WebServer] (Use `node --trace-warnings ...` to show where the warning was created)
[WebServer] (node:42998) Warning: The 'NO_COLOR' env is ignored due to the 'FORCE_COLOR' env being set.
[WebServer] (Use `node --trace-warnings ...` to show where the warning was created)
[WebServer] (node:43003) Warning: The 'NO_COLOR' env is ignored due to the 'FORCE_COLOR' env being set.
[WebServer] (Use `node --trace-warnings ...` to show where the warning was created)
[WebServer] (node:43001) Warning: The 'NO_COLOR' env is ignored due to the 'FORCE_COLOR' env being set.
[WebServer] (Use `node --trace-warnings ...` to show where the warning was created)
[WebServer] (node:43000) Warning: The 'NO_COLOR' env is ignored due to the 'FORCE_COLOR' env being set.
[WebServer] (Use `node --trace-warnings ...` to show where the warning was created)
[WebServer] (node:42992) Warning: The 'NO_COLOR' env is ignored due to the 'FORCE_COLOR' env being set.
[WebServer] (Use `node --trace-warnings ...` to show where the warning was created)
[WebServer] (node:42994) Warning: The 'NO_COLOR' env is ignored due to the 'FORCE_COLOR' env being set.
[WebServer] (Use `node --trace-warnings ...` to show where the warning was created)
[WebServer] (node:43004) Warning: The 'NO_COLOR' env is ignored due to the 'FORCE_COLOR' env being set.
[WebServer] (Use `node --trace-warnings ...` to show where the warning was created)
[WebServer] (node:42996) Warning: The 'NO_COLOR' env is ignored due to the 'FORCE_COLOR' env being set.
[WebServer] (Use `node --trace-warnings ...` to show where the warning was created)
[WebServer] (node:42995) Warning: The 'NO_COLOR' env is ignored due to the 'FORCE_COLOR' env being set.
[WebServer] (Use `node --trace-warnings ...` to show where the warning was created)
[WebServer] (node:42993) Warning: The 'NO_COLOR' env is ignored due to the 'FORCE_COLOR' env being set.
[WebServer] (Use `node --trace-warnings ...` to show where the warning was created)
[WebServer] (node:43002) Warning: The 'NO_COLOR' env is ignored due to the 'FORCE_COLOR' env being set.
[WebServer] (Use `node --trace-warnings ...` to show where the warning was created)
[WebServer] (node:42997) Warning: The 'NO_COLOR' env is ignored due to the 'FORCE_COLOR' env being set.
[WebServer] (Use `node --trace-warnings ...` to show where the warning was created)
[WebServer] (node:43013) Warning: The 'NO_COLOR' env is ignored due to the 'FORCE_COLOR' env being set.
[WebServer] (Use `node --trace-warnings ...` to show where the warning was created)
[WebServer] (node:43034) Warning: The 'NO_COLOR' env is ignored due to the 'FORCE_COLOR' env being set.
[WebServer] (Use `node --trace-warnings ...` to show where the warning was created)

Running 170 tests using 2 workers

(node:43048) Warning: The 'NO_COLOR' env is ignored due to the 'FORCE_COLOR' env being set.
(Use `node --trace-warnings ...` to show where the warning was created)
(node:43047) Warning: The 'NO_COLOR' env is ignored due to the 'FORCE_COLOR' env being set.
(Use `node --trace-warnings ...` to show where the warning was created)
  ✓    1 [chromium] › apps/web/e2e/accessibility.spec.ts:42:7 › /observatory?scenario=S9&instrument=deep_space_probes has no automatically detectable WCAG A/AA violations (967ms)
  ✓    2 [chromium] › apps/web/e2e/accessibility.spec.ts:42:7 › /atlas?compare=S1,S4,S9 has no automatically detectable WCAG A/AA violations (1.1s)
  ✓    4 [chromium] › apps/web/e2e/accessibility.spec.ts:42:7 › /methods has no automatically detectable WCAG A/AA violations (546ms)
  ✓    3 [chromium] › apps/web/e2e/accessibility.spec.ts:42:7 › /atlas/s9 has no automatically detectable WCAG A/AA violations (827ms)
  ✓    6 [chromium] › apps/web/e2e/accessibility.spec.ts:42:7 › /accessibility has no automatically detectable WCAG A/AA violations (488ms)
  ✓    7 [chromium] › apps/web/e2e/accessibility.spec.ts:42:7 › /research has no automatically detectable WCAG A/AA violations (496ms)
  ✓    5 [chromium] › apps/web/e2e/accessibility.spec.ts:42:7 › /sources has no automatically detectable WCAG A/AA violations (1.2s)
  ✓    8 [chromium] › apps/web/e2e/accessibility.spec.ts:42:7 › /research/resilience has no automatically detectable WCAG A/AA violations (530ms)
  ✓    9 [chromium] › apps/web/e2e/accessibility.spec.ts:42:7 › /research/concordia has no automatically detectable WCAG A/AA violations (508ms)
  ✓   10 [chromium] › apps/web/e2e/accessibility.spec.ts:42:7 › /privacy has no automatically detectable WCAG A/AA violations (465ms)
  ✓   11 [chromium] › apps/web/e2e/accessibility.spec.ts:42:7 › /this-route-does-not-exist has no automatically detectable WCAG A/AA violations (445ms)
  ✓   13 [chromium] › apps/web/e2e/accessibility.spec.ts:62:5 › / reading mode is entered and axe-scanned as the complete article (1.1s)
  ✓   12 [chromium] › apps/web/e2e/accessibility.spec.ts:52:5 › / guided mode has no automatically detectable WCAG A/AA violations (1.8s)
  ✓   14 [chromium] › apps/web/e2e/cinematic.spec.ts:13:5 › one canvas survives every world, reverse jumps, and the observer (3.6s)
  ✓   15 [chromium] › apps/web/e2e/cinematic.spec.ts:52:5 › the telescope can be entered, exited, and reversed during travel (4.9s)
  ✓   16 [chromium] › apps/web/e2e/cinematic.spec.ts:79:5 › observer continues moving while scroll stays still and reduced motion freezes it (6.7s)
  ✓   17 [chromium] › apps/web/e2e/cinematic.spec.ts:107:5 › desktop and mobile compositions have no page overflow and retain readable profiles (7.1s)
  ✓   19 [chromium] › apps/web/e2e/explorers.spec.ts:77:7 › Atlas analytical controls › deduplicates malformed comparison URLs before enforcing the limit (310ms)
  ✓   18 [chromium] › apps/web/e2e/explorers.spec.ts:4:7 › Observatory URL state › restores and updates a shareable scenario/instrument selection (3.2s)
  ✓   20 [chromium] › apps/web/e2e/explorers.spec.ts:87:7 › Atlas analytical controls › restores comparison state and enforces the three-scenario limit (540ms)
  ✓   22 [chromium] › apps/web/e2e/explorers.spec.ts:153:7 › Atlas analytical controls › keeps chronology, downloads, museum rights, and record detail evidence distinct (438ms)
  ✓   21 [chromium] › apps/web/e2e/explorers.spec.ts:114:7 › Atlas analytical controls › switches among sourced analytical dimensions without ranking scenarios (700ms)
  ✓   23 [chromium] › apps/web/e2e/explorers.spec.ts:191:7 › Methods validation disclosure › bounds the independent report and serves the manifest-verified artifact (256ms)
  ✓   25 [chromium] › apps/web/e2e/security.spec.ts:25:5 › does not send HSTS from the default local HTTP deployment (8ms)
  ✓   24 [chromium] › apps/web/e2e/security.spec.ts:3:5 › serves an enforced CSP for the static app and admitted spatial resources (381ms)
  ✓   26 [chromium] › apps/web/e2e/story.spec.ts:14:5 › the story is complete before WebGL and links every scenario to its data (508ms)
  ✓   27 [chromium] › apps/web/e2e/story.spec.ts:41:5 › keyboard jumps and fast reversals reconcile to the final chapter (870ms)
  ✓   28 [chromium] › apps/web/e2e/story.spec.ts:56:5 › reading mode preserves all ten profiles, matrix and native data table (806ms)
  ✓   29 [chromium] › apps/web/e2e/story.spec.ts:76:5 › matrix preserves blanks and reports the selected canonical signatures (661ms)
  ✓   30 [chromium] › apps/web/e2e/story.spec.ts:90:5 › log chart selection exposes exact canonical values (738ms)
  ✓   31 [chromium] › apps/web/e2e/story.spec.ts:107:5 › index closes with Escape and restores focus (691ms)
  ✓   33 [chromium] › apps/web/e2e/story.spec.ts:133:5 › WebGL failure preserves story and offers a retry (1.2s)
  ✓   34 [chromium] › apps/web/e2e/story.spec.ts:170:5 › core narrative and source tables survive JavaScript being unavailable (167ms)
  ✓   32 [chromium] › apps/web/e2e/story.spec.ts:119:5 › reduced motion remains selected after reload and restores a session chapter (1.9s)
(node:43959) Warning: The 'NO_COLOR' env is ignored due to the 'FORCE_COLOR' env being set.
(Use `node --trace-warnings ...` to show where the warning was created)
(node:43964) Warning: The 'NO_COLOR' env is ignored due to the 'FORCE_COLOR' env being set.
(Use `node --trace-warnings ...` to show where the warning was created)
  ✓   35 [firefox] › apps/web/e2e/accessibility.spec.ts:42:7 › /observatory?scenario=S9&instrument=deep_space_probes has no automatically detectable WCAG A/AA violations (1.5s)
  ✓   36 [firefox] › apps/web/e2e/accessibility.spec.ts:42:7 › /atlas?compare=S1,S4,S9 has no automatically detectable WCAG A/AA violations (1.6s)
  ✓   37 [firefox] › apps/web/e2e/accessibility.spec.ts:42:7 › /atlas/s9 has no automatically detectable WCAG A/AA violations (1.1s)
  ✓   38 [firefox] › apps/web/e2e/accessibility.spec.ts:42:7 › /methods has no automatically detectable WCAG A/AA violations (736ms)
  ✓   40 [firefox] › apps/web/e2e/accessibility.spec.ts:42:7 › /accessibility has no automatically detectable WCAG A/AA violations (627ms)
  ✓   41 [firefox] › apps/web/e2e/accessibility.spec.ts:42:7 › /research has no automatically detectable WCAG A/AA violations (673ms)
  ✓   39 [firefox] › apps/web/e2e/accessibility.spec.ts:42:7 › /sources has no automatically detectable WCAG A/AA violations (1.6s)
  ✓   42 [firefox] › apps/web/e2e/accessibility.spec.ts:42:7 › /research/resilience has no automatically detectable WCAG A/AA violations (687ms)
  ✓   43 [firefox] › apps/web/e2e/accessibility.spec.ts:42:7 › /research/concordia has no automatically detectable WCAG A/AA violations (663ms)
  ✓   44 [firefox] › apps/web/e2e/accessibility.spec.ts:42:7 › /privacy has no automatically detectable WCAG A/AA violations (614ms)
  ✓   45 [firefox] › apps/web/e2e/accessibility.spec.ts:42:7 › /this-route-does-not-exist has no automatically detectable WCAG A/AA violations (578ms)
  ✓   47 [firefox] › apps/web/e2e/accessibility.spec.ts:62:5 › / reading mode is entered and axe-scanned as the complete article (1.4s)
  ✓   46 [firefox] › apps/web/e2e/accessibility.spec.ts:52:5 › / guided mode has no automatically detectable WCAG A/AA violations (1.8s)
  ✓   48 [firefox] › apps/web/e2e/cinematic.spec.ts:13:5 › one canvas survives every world, reverse jumps, and the observer (2.7s)
  -   50 [firefox] › apps/web/e2e/cinematic.spec.ts:79:5 › observer continues moving while scroll stays still and reduced motion freezes it
  ✓   49 [firefox] › apps/web/e2e/cinematic.spec.ts:52:5 › the telescope can be entered, exited, and reversed during travel (3.9s)
  ✓   52 [firefox] › apps/web/e2e/explorers.spec.ts:4:7 › Observatory URL state › restores and updates a shareable scenario/instrument selection (923ms)
  ✓   53 [firefox] › apps/web/e2e/explorers.spec.ts:77:7 › Atlas analytical controls › deduplicates malformed comparison URLs before enforcing the limit (647ms)
  ✓   54 [firefox] › apps/web/e2e/explorers.spec.ts:87:7 › Atlas analytical controls › restores comparison state and enforces the three-scenario limit (799ms)
  ✓   51 [firefox] › apps/web/e2e/cinematic.spec.ts:107:5 › desktop and mobile compositions have no page overflow and retain readable profiles (3.9s)
  ✓   55 [firefox] › apps/web/e2e/explorers.spec.ts:114:7 › Atlas analytical controls › switches among sourced analytical dimensions without ranking scenarios (846ms)
  ✓   57 [firefox] › apps/web/e2e/explorers.spec.ts:191:7 › Methods validation disclosure › bounds the independent report and serves the manifest-verified artifact (336ms)
  ✓   56 [firefox] › apps/web/e2e/explorers.spec.ts:153:7 › Atlas analytical controls › keeps chronology, downloads, museum rights, and record detail evidence distinct (1.0s)
  ✓   59 [firefox] › apps/web/e2e/security.spec.ts:25:5 › does not send HSTS from the default local HTTP deployment (9ms)
  ✓   58 [firefox] › apps/web/e2e/security.spec.ts:3:5 › serves an enforced CSP for the static app and admitted spatial resources (405ms)
  ✓   60 [firefox] › apps/web/e2e/story.spec.ts:14:5 › the story is complete before WebGL and links every scenario to its data (616ms)
  ✓   62 [firefox] › apps/web/e2e/story.spec.ts:56:5 › reading mode preserves all ten profiles, matrix and native data table (949ms)
  ✓   61 [firefox] › apps/web/e2e/story.spec.ts:41:5 › keyboard jumps and fast reversals reconcile to the final chapter (1.9s)
  ✓   63 [firefox] › apps/web/e2e/story.spec.ts:76:5 › matrix preserves blanks and reports the selected canonical signatures (738ms)
  ✓   65 [firefox] › apps/web/e2e/story.spec.ts:107:5 › index closes with Escape and restores focus (577ms)
  ✓   64 [firefox] › apps/web/e2e/story.spec.ts:90:5 › log chart selection exposes exact canonical values (1.1s)
  ✓   67 [firefox] › apps/web/e2e/story.spec.ts:133:5 › WebGL failure preserves story and offers a retry (637ms)
  ✓   66 [firefox] › apps/web/e2e/story.spec.ts:119:5 › reduced motion remains selected after reload and restores a session chapter (1.2s)
  ✓   68 [firefox] › apps/web/e2e/story.spec.ts:170:5 › core narrative and source tables survive JavaScript being unavailable (220ms)
(node:46458) Warning: The 'NO_COLOR' env is ignored due to the 'FORCE_COLOR' env being set.
(Use `node --trace-warnings ...` to show where the warning was created)
(node:46459) Warning: The 'NO_COLOR' env is ignored due to the 'FORCE_COLOR' env being set.
(Use `node --trace-warnings ...` to show where the warning was created)
  ✓   69 [webkit] › apps/web/e2e/accessibility.spec.ts:42:7 › /observatory?scenario=S9&instrument=deep_space_probes has no automatically detectable WCAG A/AA violations (1.9s)
  ✓   70 [webkit] › apps/web/e2e/accessibility.spec.ts:42:7 › /atlas?compare=S1,S4,S9 has no automatically detectable WCAG A/AA violations (2.3s)
  ✓   71 [webkit] › apps/web/e2e/accessibility.spec.ts:42:7 › /atlas/s9 has no automatically detectable WCAG A/AA violations (1.4s)
  ✓   72 [webkit] › apps/web/e2e/accessibility.spec.ts:42:7 › /methods has no automatically detectable WCAG A/AA violations (1.1s)
  ✓   74 [webkit] › apps/web/e2e/accessibility.spec.ts:42:7 › /accessibility has no automatically detectable WCAG A/AA violations (926ms)
  ✓   73 [webkit] › apps/web/e2e/accessibility.spec.ts:42:7 › /sources has no automatically detectable WCAG A/AA violations (1.6s)
  ✓   75 [webkit] › apps/web/e2e/accessibility.spec.ts:42:7 › /research has no automatically detectable WCAG A/AA violations (925ms)
  ✓   76 [webkit] › apps/web/e2e/accessibility.spec.ts:42:7 › /research/resilience has no automatically detectable WCAG A/AA violations (925ms)
  ✓   77 [webkit] › apps/web/e2e/accessibility.spec.ts:42:7 › /research/concordia has no automatically detectable WCAG A/AA violations (880ms)
  ✓   78 [webkit] › apps/web/e2e/accessibility.spec.ts:42:7 › /privacy has no automatically detectable WCAG A/AA violations (885ms)
  ✓   79 [webkit] › apps/web/e2e/accessibility.spec.ts:42:7 › /this-route-does-not-exist has no automatically detectable WCAG A/AA violations (783ms)
  ✓   81 [webkit] › apps/web/e2e/accessibility.spec.ts:62:5 › / reading mode is entered and axe-scanned as the complete article (1.5s)
  ✓   80 [webkit] › apps/web/e2e/accessibility.spec.ts:52:5 › / guided mode has no automatically detectable WCAG A/AA violations (1.8s)
  ✓   82 [webkit] › apps/web/e2e/cinematic.spec.ts:13:5 › one canvas survives every world, reverse jumps, and the observer (3.1s)
  ✓   83 [webkit] › apps/web/e2e/cinematic.spec.ts:52:5 › the telescope can be entered, exited, and reversed during travel (3.3s)
  -   84 [webkit] › apps/web/e2e/cinematic.spec.ts:79:5 › observer continues moving while scroll stays still and reduced motion freezes it
  ✓   86 [webkit] › apps/web/e2e/explorers.spec.ts:4:7 › Observatory URL state › restores and updates a shareable scenario/instrument selection (2.9s)
  ✓   87 [webkit] › apps/web/e2e/explorers.spec.ts:77:7 › Atlas analytical controls › deduplicates malformed comparison URLs before enforcing the limit (854ms)
  ✓   85 [webkit] › apps/web/e2e/cinematic.spec.ts:107:5 › desktop and mobile compositions have no page overflow and retain readable profiles (3.9s)
  ✓   88 [webkit] › apps/web/e2e/explorers.spec.ts:87:7 › Atlas analytical controls › restores comparison state and enforces the three-scenario limit (1.2s)
  ✓   89 [webkit] › apps/web/e2e/explorers.spec.ts:114:7 › Atlas analytical controls › switches among sourced analytical dimensions without ranking scenarios (1.3s)
  ✓   90 [webkit] › apps/web/e2e/explorers.spec.ts:153:7 › Atlas analytical controls › keeps chronology, downloads, museum rights, and record detail evidence distinct (752ms)
  ✓   91 [webkit] › apps/web/e2e/explorers.spec.ts:191:7 › Methods validation disclosure › bounds the independent report and serves the manifest-verified artifact (570ms)
  ✓   93 [webkit] › apps/web/e2e/security.spec.ts:25:5 › does not send HSTS from the default local HTTP deployment (7ms)
  ✓   92 [webkit] › apps/web/e2e/security.spec.ts:3:5 › serves an enforced CSP for the static app and admitted spatial resources (683ms)
  ✓   94 [webkit] › apps/web/e2e/story.spec.ts:14:5 › the story is complete before WebGL and links every scenario to its data (928ms)
  ✓   95 [webkit] › apps/web/e2e/story.spec.ts:41:5 › keyboard jumps and fast reversals reconcile to the final chapter (1.5s)
  ✓   96 [webkit] › apps/web/e2e/story.spec.ts:56:5 › reading mode preserves all ten profiles, matrix and native data table (1.5s)
  ✓   97 [webkit] › apps/web/e2e/story.spec.ts:76:5 › matrix preserves blanks and reports the selected canonical signatures (1.1s)
  ✓   98 [webkit] › apps/web/e2e/story.spec.ts:90:5 › log chart selection exposes exact canonical values (1.2s)
  ✓   99 [webkit] › apps/web/e2e/story.spec.ts:107:5 › index closes with Escape and restores focus (1.0s)
  ✓  101 [webkit] › apps/web/e2e/story.spec.ts:133:5 › WebGL failure preserves story and offers a retry (1.0s)
  ✓  100 [webkit] › apps/web/e2e/story.spec.ts:119:5 › reduced motion remains selected after reload and restores a session chapter (1.9s)
(node:48555) Warning: The 'NO_COLOR' env is ignored due to the 'FORCE_COLOR' env being set.
(Use `node --trace-warnings ...` to show where the warning was created)
  ✓  102 [webkit] › apps/web/e2e/story.spec.ts:170:5 › core narrative and source tables survive JavaScript being unavailable (433ms)
(node:48631) Warning: The 'NO_COLOR' env is ignored due to the 'FORCE_COLOR' env being set.
(Use `node --trace-warnings ...` to show where the warning was created)
  ✓  103 [mobile-chromium] › apps/web/e2e/accessibility.spec.ts:42:7 › /observatory?scenario=S9&instrument=deep_space_probes has no automatically detectable WCAG A/AA violations (1.1s)
  ✓  104 [mobile-chromium] › apps/web/e2e/accessibility.spec.ts:42:7 › /atlas?compare=S1,S4,S9 has no automatically detectable WCAG A/AA violations (1.0s)
  ✓  106 [mobile-chromium] › apps/web/e2e/accessibility.spec.ts:42:7 › /methods has no automatically detectable WCAG A/AA violations (636ms)
  ✓  105 [mobile-chromium] › apps/web/e2e/accessibility.spec.ts:42:7 › /atlas/s9 has no automatically detectable WCAG A/AA violations (925ms)
  ✓  108 [mobile-chromium] › apps/web/e2e/accessibility.spec.ts:42:7 › /accessibility has no automatically detectable WCAG A/AA violations (566ms)
  ✓  107 [mobile-chromium] › apps/web/e2e/accessibility.spec.ts:42:7 › /sources has no automatically detectable WCAG A/AA violations (1.3s)
  ✓  109 [mobile-chromium] › apps/web/e2e/accessibility.spec.ts:42:7 › /research has no automatically detectable WCAG A/AA violations (610ms)
  ✓  110 [mobile-chromium] › apps/web/e2e/accessibility.spec.ts:42:7 › /research/resilience has no automatically detectable WCAG A/AA violations (626ms)
  ✓  111 [mobile-chromium] › apps/web/e2e/accessibility.spec.ts:42:7 › /research/concordia has no automatically detectable WCAG A/AA violations (613ms)
  ✓  113 [mobile-chromium] › apps/web/e2e/accessibility.spec.ts:42:7 › /this-route-does-not-exist has no automatically detectable WCAG A/AA violations (517ms)
  ✓  112 [mobile-chromium] › apps/web/e2e/accessibility.spec.ts:42:7 › /privacy has no automatically detectable WCAG A/AA violations (561ms)
  ✓  115 [mobile-chromium] › apps/web/e2e/accessibility.spec.ts:62:5 › / reading mode is entered and axe-scanned as the complete article (1.1s)
  ✓  114 [mobile-chromium] › apps/web/e2e/accessibility.spec.ts:52:5 › / guided mode has no automatically detectable WCAG A/AA violations (1.7s)
  ✓  116 [mobile-chromium] › apps/web/e2e/cinematic.spec.ts:13:5 › one canvas survives every world, reverse jumps, and the observer (3.4s)
  -  118 [mobile-chromium] › apps/web/e2e/cinematic.spec.ts:79:5 › observer continues moving while scroll stays still and reduced motion freezes it
  ✓  117 [mobile-chromium] › apps/web/e2e/cinematic.spec.ts:52:5 › the telescope can be entered, exited, and reversed during travel (7.3s)
  ✓  120 [mobile-chromium] › apps/web/e2e/explorers.spec.ts:4:7 › Observatory URL state › restores and updates a shareable scenario/instrument selection (3.0s)
  ✓  121 [mobile-chromium] › apps/web/e2e/explorers.spec.ts:77:7 › Atlas analytical controls › deduplicates malformed comparison URLs before enforcing the limit (439ms)
  ✓  122 [mobile-chromium] › apps/web/e2e/explorers.spec.ts:87:7 › Atlas analytical controls › restores comparison state and enforces the three-scenario limit (665ms)
  ✓  123 [mobile-chromium] › apps/web/e2e/explorers.spec.ts:114:7 › Atlas analytical controls › switches among sourced analytical dimensions without ranking scenarios (772ms)
  ✓  124 [mobile-chromium] › apps/web/e2e/explorers.spec.ts:153:7 › Atlas analytical controls › keeps chronology, downloads, museum rights, and record detail evidence distinct (530ms)
  ✓  119 [mobile-chromium] › apps/web/e2e/cinematic.spec.ts:107:5 › desktop and mobile compositions have no page overflow and retain readable profiles (10.1s)
  ✓  125 [mobile-chromium] › apps/web/e2e/explorers.spec.ts:191:7 › Methods validation disclosure › bounds the independent report and serves the manifest-verified artifact (341ms)
  ✓  127 [mobile-chromium] › apps/web/e2e/security.spec.ts:25:5 › does not send HSTS from the default local HTTP deployment (6ms)
  ✓  126 [mobile-chromium] › apps/web/e2e/security.spec.ts:3:5 › serves an enforced CSP for the static app and admitted spatial resources (664ms)
  ✓  128 [mobile-chromium] › apps/web/e2e/story.spec.ts:14:5 › the story is complete before WebGL and links every scenario to its data (820ms)
  ✓  129 [mobile-chromium] › apps/web/e2e/story.spec.ts:41:5 › keyboard jumps and fast reversals reconcile to the final chapter (1.0s)
  ✓  130 [mobile-chromium] › apps/web/e2e/story.spec.ts:56:5 › reading mode preserves all ten profiles, matrix and native data table (1.2s)
  ✓  131 [mobile-chromium] › apps/web/e2e/story.spec.ts:76:5 › matrix preserves blanks and reports the selected canonical signatures (905ms)
  ✓  132 [mobile-chromium] › apps/web/e2e/story.spec.ts:90:5 › log chart selection exposes exact canonical values (950ms)
  ✓  133 [mobile-chromium] › apps/web/e2e/story.spec.ts:107:5 › index closes with Escape and restores focus (1.4s)
  ✓  135 [mobile-chromium] › apps/web/e2e/story.spec.ts:133:5 › WebGL failure preserves story and offers a retry (736ms)
  ✓  136 [mobile-chromium] › apps/web/e2e/story.spec.ts:170:5 › core narrative and source tables survive JavaScript being unavailable (260ms)
  ✓  134 [mobile-chromium] › apps/web/e2e/story.spec.ts:119:5 › reduced motion remains selected after reload and restores a session chapter (2.1s)
(node:50435) Warning: The 'NO_COLOR' env is ignored due to the 'FORCE_COLOR' env being set.
(Use `node --trace-warnings ...` to show where the warning was created)
(node:50437) Warning: The 'NO_COLOR' env is ignored due to the 'FORCE_COLOR' env being set.
(Use `node --trace-warnings ...` to show where the warning was created)
  ✓  137 [mobile-webkit] › apps/web/e2e/accessibility.spec.ts:42:7 › /observatory?scenario=S9&instrument=deep_space_probes has no automatically detectable WCAG A/AA violations (1.6s)
  ✓  138 [mobile-webkit] › apps/web/e2e/accessibility.spec.ts:42:7 › /atlas?compare=S1,S4,S9 has no automatically detectable WCAG A/AA violations (1.7s)
  ✓  140 [mobile-webkit] › apps/web/e2e/accessibility.spec.ts:42:7 › /methods has no automatically detectable WCAG A/AA violations (901ms)
  ✓  139 [mobile-webkit] › apps/web/e2e/accessibility.spec.ts:42:7 › /atlas/s9 has no automatically detectable WCAG A/AA violations (1.2s)
  ✓  142 [mobile-webkit] › apps/web/e2e/accessibility.spec.ts:42:7 › /accessibility has no automatically detectable WCAG A/AA violations (798ms)
  ✓  141 [mobile-webkit] › apps/web/e2e/accessibility.spec.ts:42:7 › /sources has no automatically detectable WCAG A/AA violations (1.5s)
  ✓  143 [mobile-webkit] › apps/web/e2e/accessibility.spec.ts:42:7 › /research has no automatically detectable WCAG A/AA violations (831ms)
  ✓  144 [mobile-webkit] › apps/web/e2e/accessibility.spec.ts:42:7 › /research/resilience has no automatically detectable WCAG A/AA violations (847ms)
  ✓  145 [mobile-webkit] › apps/web/e2e/accessibility.spec.ts:42:7 › /research/concordia has no automatically detectable WCAG A/AA violations (846ms)
  ✓  146 [mobile-webkit] › apps/web/e2e/accessibility.spec.ts:42:7 › /privacy has no automatically detectable WCAG A/AA violations (786ms)
  ✓  147 [mobile-webkit] › apps/web/e2e/accessibility.spec.ts:42:7 › /this-route-does-not-exist has no automatically detectable WCAG A/AA violations (715ms)
  ✓  149 [mobile-webkit] › apps/web/e2e/accessibility.spec.ts:62:5 › / reading mode is entered and axe-scanned as the complete article (1.4s)
  ✓  148 [mobile-webkit] › apps/web/e2e/accessibility.spec.ts:52:5 › / guided mode has no automatically detectable WCAG A/AA violations (1.5s)
  ✓  150 [mobile-webkit] › apps/web/e2e/cinematic.spec.ts:13:5 › one canvas survives every world, reverse jumps, and the observer (2.5s)
  -  152 [mobile-webkit] › apps/web/e2e/cinematic.spec.ts:79:5 › observer continues moving while scroll stays still and reduced motion freezes it
  ✓  151 [mobile-webkit] › apps/web/e2e/cinematic.spec.ts:52:5 › the telescope can be entered, exited, and reversed during travel (3.4s)
  ✘  153 [mobile-webkit] › apps/web/e2e/cinematic.spec.ts:107:5 › desktop and mobile compositions have no page overflow and retain readable profiles (2.9s)
(node:51774) Warning: The 'NO_COLOR' env is ignored due to the 'FORCE_COLOR' env being set.
(Use `node --trace-warnings ...` to show where the warning was created)
  ✓  155 [mobile-webkit] › apps/web/e2e/explorers.spec.ts:77:7 › Atlas analytical controls › deduplicates malformed comparison URLs before enforcing the limit (864ms)
  ✓  154 [mobile-webkit] › apps/web/e2e/explorers.spec.ts:4:7 › Observatory URL state › restores and updates a shareable scenario/instrument selection (3.6s)
  ✓  156 [mobile-webkit] › apps/web/e2e/explorers.spec.ts:87:7 › Atlas analytical controls › restores comparison state and enforces the three-scenario limit (1.0s)
  ✓  157 [mobile-webkit] › apps/web/e2e/explorers.spec.ts:114:7 › Atlas analytical controls › switches among sourced analytical dimensions without ranking scenarios (1.1s)
  ✓  159 [mobile-webkit] › apps/web/e2e/explorers.spec.ts:191:7 › Methods validation disclosure › bounds the independent report and serves the manifest-verified artifact (506ms)
  ✓  158 [mobile-webkit] › apps/web/e2e/explorers.spec.ts:153:7 › Atlas analytical controls › keeps chronology, downloads, museum rights, and record detail evidence distinct (666ms)
  ✓  161 [mobile-webkit] › apps/web/e2e/security.spec.ts:25:5 › does not send HSTS from the default local HTTP deployment (7ms)
  ✓  160 [mobile-webkit] › apps/web/e2e/security.spec.ts:3:5 › serves an enforced CSP for the static app and admitted spatial resources (552ms)
  ✓  162 [mobile-webkit] › apps/web/e2e/story.spec.ts:14:5 › the story is complete before WebGL and links every scenario to its data (735ms)
  ✓  163 [mobile-webkit] › apps/web/e2e/story.spec.ts:41:5 › keyboard jumps and fast reversals reconcile to the final chapter (1.1s)
  ✓  164 [mobile-webkit] › apps/web/e2e/story.spec.ts:56:5 › reading mode preserves all ten profiles, matrix and native data table (1.1s)
  ✓  165 [mobile-webkit] › apps/web/e2e/story.spec.ts:76:5 › matrix preserves blanks and reports the selected canonical signatures (816ms)
  ✓  167 [mobile-webkit] › apps/web/e2e/story.spec.ts:107:5 › index closes with Escape and restores focus (701ms)
  ✓  166 [mobile-webkit] › apps/web/e2e/story.spec.ts:90:5 › log chart selection exposes exact canonical values (1.2s)
  ✓  169 [mobile-webkit] › apps/web/e2e/story.spec.ts:133:5 › WebGL failure preserves story and offers a retry (836ms)
  ✓  170 [mobile-webkit] › apps/web/e2e/story.spec.ts:170:5 › core narrative and source tables survive JavaScript being unavailable (377ms)
  ✓  168 [mobile-webkit] › apps/web/e2e/story.spec.ts:119:5 › reduced motion remains selected after reload and restores a session chapter (2.0s)


  1) [mobile-webkit] › apps/web/e2e/cinematic.spec.ts:107:5 › desktop and mobile compositions have no page overflow and retain readable profiles 

    Error: S9:solar

    expect(received).toBeGreaterThanOrEqual(expected)

    Expected: >= 76
    Received:    61.0400390625

      157 |         expect(item.rect.left, item.id).toBeGreaterThanOrEqual(0);
      158 |         expect(item.rect.right, item.id).toBeLessThanOrEqual(layout.width);
    > 159 |         expect(item.rect.top, item.id).toBeGreaterThanOrEqual(76);
          |                                        ^
      160 |         expect(item.rect.bottom, item.id).toBeLessThan(layout.height - 70);
      161 |         if (layout.width <= 760)
      162 |           expect(item.rect.bottom, item.id).toBeLessThan(layout.copyTop - 15);
        at /Users/ceron/Developer/Projects/janus-observatory/apps/web/e2e/cinematic.spec.ts:159:40

    attachment #1: screenshot (image/png) ──────────────────────────────────────────────────────────
    test-results/cinematic-desktop-and-mobi-f986e-nd-retain-readable-profiles-mobile-webkit/test-failed-1.png
    ────────────────────────────────────────────────────────────────────────────────────────────────

    attachment #2: video (video/webm) ──────────────────────────────────────────────────────────────
    test-results/cinematic-desktop-and-mobi-f986e-nd-retain-readable-profiles-mobile-webkit/video.webm
    ────────────────────────────────────────────────────────────────────────────────────────────────

    Error Context: test-results/cinematic-desktop-and-mobi-f986e-nd-retain-readable-profiles-mobile-webkit/error-context.md

    attachment #4: trace (application/zip) ─────────────────────────────────────────────────────────
    test-results/cinematic-desktop-and-mobi-f986e-nd-retain-readable-profiles-mobile-webkit/trace.zip
    Usage:

        pnpm exec playwright show-trace test-results/cinematic-desktop-and-mobi-f986e-nd-retain-readable-profiles-mobile-webkit/trace.zip

    ────────────────────────────────────────────────────────────────────────────────────────────────

  1 failed
    [mobile-webkit] › apps/web/e2e/cinematic.spec.ts:107:5 › desktop and mobile compositions have no page overflow and retain readable profiles 
  4 skipped
  165 passed (2.0m)
 ELIFECYCLE  Command failed with exit code 1.
