
> janus-observatory@0.1.0 test:e2e /Users/ceron/Developer/Projects/janus-observatory
> playwright test

[WebServer] (node:66483) Warning: The 'NO_COLOR' env is ignored due to the 'FORCE_COLOR' env being set.
[WebServer] (Use `node --trace-warnings ...` to show where the warning was created)
[WebServer] (node:66686) Warning: The 'NO_COLOR' env is ignored due to the 'FORCE_COLOR' env being set.
[WebServer] (Use `node --trace-warnings ...` to show where the warning was created)
[WebServer] (node:66686) Warning: The 'NO_COLOR' env is ignored due to the 'FORCE_COLOR' env being set.
[WebServer] (Use `node --trace-warnings ...` to show where the warning was created)
[WebServer] (node:66977) Warning: The 'NO_COLOR' env is ignored due to the 'FORCE_COLOR' env being set.
[WebServer] (Use `node --trace-warnings ...` to show where the warning was created)
[WebServer] (node:66973) Warning: The 'NO_COLOR' env is ignored due to the 'FORCE_COLOR' env being set.
[WebServer] (Use `node --trace-warnings ...` to show where the warning was created)
[WebServer] (node:66975) Warning: The 'NO_COLOR' env is ignored due to the 'FORCE_COLOR' env being set.
[WebServer] (Use `node --trace-warnings ...` to show where the warning was created)
[WebServer] (node:66980) Warning: The 'NO_COLOR' env is ignored due to the 'FORCE_COLOR' env being set.
[WebServer] (Use `node --trace-warnings ...` to show where the warning was created)
[WebServer] (node:66983) Warning: The 'NO_COLOR' env is ignored due to the 'FORCE_COLOR' env being set.
[WebServer] (Use `node --trace-warnings ...` to show where the warning was created)
[WebServer] (node:66974) Warning: The 'NO_COLOR' env is ignored due to the 'FORCE_COLOR' env being set.
[WebServer] (Use `node --trace-warnings ...` to show where the warning was created)
[WebServer] (node:66978) Warning: The 'NO_COLOR' env is ignored due to the 'FORCE_COLOR' env being set.
[WebServer] (Use `node --trace-warnings ...` to show where the warning was created)
[WebServer] (node:66976) Warning: The 'NO_COLOR' env is ignored due to the 'FORCE_COLOR' env being set.
[WebServer] (Use `node --trace-warnings ...` to show where the warning was created)
[WebServer] (node:66984) Warning: The 'NO_COLOR' env is ignored due to the 'FORCE_COLOR' env being set.
[WebServer] (Use `node --trace-warnings ...` to show where the warning was created)
[WebServer] (node:66982) Warning: The 'NO_COLOR' env is ignored due to the 'FORCE_COLOR' env being set.
[WebServer] (Use `node --trace-warnings ...` to show where the warning was created)
[WebServer] (node:66985) Warning: The 'NO_COLOR' env is ignored due to the 'FORCE_COLOR' env being set.
[WebServer] (Use `node --trace-warnings ...` to show where the warning was created)
[WebServer] (node:66979) Warning: The 'NO_COLOR' env is ignored due to the 'FORCE_COLOR' env being set.
[WebServer] (Use `node --trace-warnings ...` to show where the warning was created)
[WebServer] (node:66981) Warning: The 'NO_COLOR' env is ignored due to the 'FORCE_COLOR' env being set.
[WebServer] (Use `node --trace-warnings ...` to show where the warning was created)
[WebServer] (node:67068) Warning: The 'NO_COLOR' env is ignored due to the 'FORCE_COLOR' env being set.
[WebServer] (Use `node --trace-warnings ...` to show where the warning was created)
[WebServer] (node:67089) Warning: The 'NO_COLOR' env is ignored due to the 'FORCE_COLOR' env being set.
[WebServer] (Use `node --trace-warnings ...` to show where the warning was created)

Running 170 tests using 2 workers

(node:67134) Warning: The 'NO_COLOR' env is ignored due to the 'FORCE_COLOR' env being set.
(Use `node --trace-warnings ...` to show where the warning was created)
(node:67135) Warning: The 'NO_COLOR' env is ignored due to the 'FORCE_COLOR' env being set.
(Use `node --trace-warnings ...` to show where the warning was created)
  ✓    2 [chromium] › apps/web/e2e/accessibility.spec.ts:42:7 › /observatory?scenario=S9&instrument=deep_space_probes has no automatically detectable WCAG A/AA violations (1.3s)
  ✓    1 [chromium] › apps/web/e2e/accessibility.spec.ts:42:7 › /atlas?compare=S1,S4,S9 has no automatically detectable WCAG A/AA violations (1.4s)
  ✓    4 [chromium] › apps/web/e2e/accessibility.spec.ts:42:7 › /methods has no automatically detectable WCAG A/AA violations (637ms)
  ✓    3 [chromium] › apps/web/e2e/accessibility.spec.ts:42:7 › /atlas/s9 has no automatically detectable WCAG A/AA violations (967ms)
  ✓    5 [chromium] › apps/web/e2e/accessibility.spec.ts:42:7 › /sources has no automatically detectable WCAG A/AA violations (640ms)
  ✓    6 [chromium] › apps/web/e2e/accessibility.spec.ts:42:7 › /accessibility has no automatically detectable WCAG A/AA violations (591ms)
  ✓    7 [chromium] › apps/web/e2e/accessibility.spec.ts:42:7 › /research has no automatically detectable WCAG A/AA violations (597ms)
  ✓    8 [chromium] › apps/web/e2e/accessibility.spec.ts:42:7 › /research/resilience has no automatically detectable WCAG A/AA violations (613ms)
  ✓    9 [chromium] › apps/web/e2e/accessibility.spec.ts:42:7 › /research/concordia has no automatically detectable WCAG A/AA violations (557ms)
  ✓   10 [chromium] › apps/web/e2e/accessibility.spec.ts:42:7 › /privacy has no automatically detectable WCAG A/AA violations (531ms)
  ✓   11 [chromium] › apps/web/e2e/accessibility.spec.ts:42:7 › /this-route-does-not-exist has no automatically detectable WCAG A/AA violations (491ms)
  ✓   12 [chromium] › apps/web/e2e/accessibility.spec.ts:52:5 › / guided mode has no automatically detectable WCAG A/AA violations (1.8s)
  ✓   13 [chromium] › apps/web/e2e/accessibility.spec.ts:62:5 › / reading mode is entered and axe-scanned as the complete article (1.5s)
  ✓   14 [chromium] › apps/web/e2e/cinematic.spec.ts:15:5 › one canvas survives every world, reverse jumps, and the observer (5.5s)
  ✓   15 [chromium] › apps/web/e2e/cinematic.spec.ts:54:5 › the telescope can be entered, exited, and reversed during travel (7.0s)
  ✓   16 [chromium] › apps/web/e2e/cinematic.spec.ts:81:5 › observer continues moving while scroll stays still and reduced motion freezes it (6.4s)
  ✓   18 [chromium] › apps/web/e2e/explorers.spec.ts:4:7 › Observatory URL state › restores and updates a shareable scenario/instrument selection (2.8s)
  ✓   19 [chromium] › apps/web/e2e/explorers.spec.ts:77:7 › Atlas analytical controls › deduplicates malformed comparison URLs before enforcing the limit (337ms)
  ✓   20 [chromium] › apps/web/e2e/explorers.spec.ts:87:7 › Atlas analytical controls › restores comparison state and enforces the three-scenario limit (679ms)
  ✓   17 [chromium] › apps/web/e2e/cinematic.spec.ts:109:5 › desktop and mobile compositions have no page overflow and retain readable profiles (8.7s)
  ✓   22 [chromium] › apps/web/e2e/explorers.spec.ts:153:7 › Atlas analytical controls › keeps chronology, downloads, museum rights, and record detail evidence distinct (485ms)
  ✓   21 [chromium] › apps/web/e2e/explorers.spec.ts:114:7 › Atlas analytical controls › switches among sourced analytical dimensions without ranking scenarios (732ms)
  ✓   23 [chromium] › apps/web/e2e/explorers.spec.ts:191:7 › Methods validation disclosure › bounds the independent report and serves the manifest-verified artifact (262ms)
  ✓   25 [chromium] › apps/web/e2e/security.spec.ts:25:5 › does not send HSTS from the default local HTTP deployment (8ms)
  ✓   24 [chromium] › apps/web/e2e/security.spec.ts:3:5 › serves an enforced CSP for the static app and admitted spatial resources (207ms)
  ✓   26 [chromium] › apps/web/e2e/story.spec.ts:14:5 › the story is complete before WebGL and links every scenario to its data (794ms)
  ✓   27 [chromium] › apps/web/e2e/story.spec.ts:41:5 › keyboard jumps and fast reversals reconcile to the final chapter (1.4s)
  ✓   28 [chromium] › apps/web/e2e/story.spec.ts:56:5 › reading mode preserves all ten profiles, matrix and native data table (936ms)
  ✓   29 [chromium] › apps/web/e2e/story.spec.ts:76:5 › matrix preserves blanks and reports the selected canonical signatures (761ms)
  ✓   30 [chromium] › apps/web/e2e/story.spec.ts:90:5 › log chart selection exposes exact canonical values (803ms)
  ✓   31 [chromium] › apps/web/e2e/story.spec.ts:107:5 › index closes with Escape and restores focus (796ms)
  ✓   32 [chromium] › apps/web/e2e/story.spec.ts:119:5 › reduced motion remains selected after reload and restores a session chapter (855ms)
  ✓   34 [chromium] › apps/web/e2e/story.spec.ts:170:5 › core narrative and source tables survive JavaScript being unavailable (119ms)
(node:68541) Warning: The 'NO_COLOR' env is ignored due to the 'FORCE_COLOR' env being set.
(Use `node --trace-warnings ...` to show where the warning was created)
  ✓   33 [chromium] › apps/web/e2e/story.spec.ts:133:5 › WebGL failure preserves story and offers a retry (1.2s)
(node:68543) Warning: The 'NO_COLOR' env is ignored due to the 'FORCE_COLOR' env being set.
(Use `node --trace-warnings ...` to show where the warning was created)
  ✓   35 [firefox] › apps/web/e2e/accessibility.spec.ts:42:7 › /observatory?scenario=S9&instrument=deep_space_probes has no automatically detectable WCAG A/AA violations (2.3s)
  ✓   36 [firefox] › apps/web/e2e/accessibility.spec.ts:42:7 › /atlas?compare=S1,S4,S9 has no automatically detectable WCAG A/AA violations (3.0s)
  ✓   37 [firefox] › apps/web/e2e/accessibility.spec.ts:42:7 › /atlas/s9 has no automatically detectable WCAG A/AA violations (1.5s)
  ✓   38 [firefox] › apps/web/e2e/accessibility.spec.ts:42:7 › /methods has no automatically detectable WCAG A/AA violations (931ms)
  ✓   40 [firefox] › apps/web/e2e/accessibility.spec.ts:42:7 › /accessibility has no automatically detectable WCAG A/AA violations (670ms)
  ✓   39 [firefox] › apps/web/e2e/accessibility.spec.ts:42:7 › /sources has no automatically detectable WCAG A/AA violations (1.7s)
  ✓   41 [firefox] › apps/web/e2e/accessibility.spec.ts:42:7 › /research has no automatically detectable WCAG A/AA violations (694ms)
  ✓   42 [firefox] › apps/web/e2e/accessibility.spec.ts:42:7 › /research/resilience has no automatically detectable WCAG A/AA violations (703ms)
  ✓   43 [firefox] › apps/web/e2e/accessibility.spec.ts:42:7 › /research/concordia has no automatically detectable WCAG A/AA violations (693ms)
  ✓   44 [firefox] › apps/web/e2e/accessibility.spec.ts:42:7 › /privacy has no automatically detectable WCAG A/AA violations (638ms)
  ✓   45 [firefox] › apps/web/e2e/accessibility.spec.ts:42:7 › /this-route-does-not-exist has no automatically detectable WCAG A/AA violations (599ms)
  ✓   46 [firefox] › apps/web/e2e/accessibility.spec.ts:52:5 › / guided mode has no automatically detectable WCAG A/AA violations (1.8s)
  ✓   47 [firefox] › apps/web/e2e/accessibility.spec.ts:62:5 › / reading mode is entered and axe-scanned as the complete article (1.6s)
  ✓   48 [firefox] › apps/web/e2e/cinematic.spec.ts:15:5 › one canvas survives every world, reverse jumps, and the observer (2.8s)
  -   50 [firefox] › apps/web/e2e/cinematic.spec.ts:81:5 › observer continues moving while scroll stays still and reduced motion freezes it
  ✓   49 [firefox] › apps/web/e2e/cinematic.spec.ts:54:5 › the telescope can be entered, exited, and reversed during travel (4.5s)
  ✓   52 [firefox] › apps/web/e2e/explorers.spec.ts:4:7 › Observatory URL state › restores and updates a shareable scenario/instrument selection (931ms)
  ✓   53 [firefox] › apps/web/e2e/explorers.spec.ts:77:7 › Atlas analytical controls › deduplicates malformed comparison URLs before enforcing the limit (596ms)
  ✓   51 [firefox] › apps/web/e2e/cinematic.spec.ts:109:5 › desktop and mobile compositions have no page overflow and retain readable profiles (3.6s)
  ✓   54 [firefox] › apps/web/e2e/explorers.spec.ts:87:7 › Atlas analytical controls › restores comparison state and enforces the three-scenario limit (640ms)
  ✓   56 [firefox] › apps/web/e2e/explorers.spec.ts:153:7 › Atlas analytical controls › keeps chronology, downloads, museum rights, and record detail evidence distinct (537ms)
  ✓   57 [firefox] › apps/web/e2e/explorers.spec.ts:191:7 › Methods validation disclosure › bounds the independent report and serves the manifest-verified artifact (351ms)
  ✓   55 [firefox] › apps/web/e2e/explorers.spec.ts:114:7 › Atlas analytical controls › switches among sourced analytical dimensions without ranking scenarios (1.1s)
  ✓   59 [firefox] › apps/web/e2e/security.spec.ts:25:5 › does not send HSTS from the default local HTTP deployment (12ms)
  ✓   58 [firefox] › apps/web/e2e/security.spec.ts:3:5 › serves an enforced CSP for the static app and admitted spatial resources (490ms)
  ✓   60 [firefox] › apps/web/e2e/story.spec.ts:14:5 › the story is complete before WebGL and links every scenario to its data (605ms)
  ✓   62 [firefox] › apps/web/e2e/story.spec.ts:56:5 › reading mode preserves all ten profiles, matrix and native data table (1.1s)
  ✓   61 [firefox] › apps/web/e2e/story.spec.ts:41:5 › keyboard jumps and fast reversals reconcile to the final chapter (2.1s)
  ✓   63 [firefox] › apps/web/e2e/story.spec.ts:76:5 › matrix preserves blanks and reports the selected canonical signatures (1.4s)
  ✓   65 [firefox] › apps/web/e2e/story.spec.ts:107:5 › index closes with Escape and restores focus (588ms)
  ✓   64 [firefox] › apps/web/e2e/story.spec.ts:90:5 › log chart selection exposes exact canonical values (1.2s)
  ✓   67 [firefox] › apps/web/e2e/story.spec.ts:133:5 › WebGL failure preserves story and offers a retry (655ms)
  ✓   68 [firefox] › apps/web/e2e/story.spec.ts:170:5 › core narrative and source tables survive JavaScript being unavailable (274ms)
  ✓   66 [firefox] › apps/web/e2e/story.spec.ts:119:5 › reduced motion remains selected after reload and restores a session chapter (1.3s)
(node:70662) Warning: The 'NO_COLOR' env is ignored due to the 'FORCE_COLOR' env being set.
(Use `node --trace-warnings ...` to show where the warning was created)
(node:70664) Warning: The 'NO_COLOR' env is ignored due to the 'FORCE_COLOR' env being set.
(Use `node --trace-warnings ...` to show where the warning was created)
  ✓   69 [webkit] › apps/web/e2e/accessibility.spec.ts:42:7 › /observatory?scenario=S9&instrument=deep_space_probes has no automatically detectable WCAG A/AA violations (2.0s)
  ✓   70 [webkit] › apps/web/e2e/accessibility.spec.ts:42:7 › /atlas?compare=S1,S4,S9 has no automatically detectable WCAG A/AA violations (2.4s)
  ✓   71 [webkit] › apps/web/e2e/accessibility.spec.ts:42:7 › /atlas/s9 has no automatically detectable WCAG A/AA violations (1.4s)
  ✓   72 [webkit] › apps/web/e2e/accessibility.spec.ts:42:7 › /methods has no automatically detectable WCAG A/AA violations (1.1s)
  ✓   74 [webkit] › apps/web/e2e/accessibility.spec.ts:42:7 › /accessibility has no automatically detectable WCAG A/AA violations (939ms)
  ✓   73 [webkit] › apps/web/e2e/accessibility.spec.ts:42:7 › /sources has no automatically detectable WCAG A/AA violations (1.7s)
  ✓   75 [webkit] › apps/web/e2e/accessibility.spec.ts:42:7 › /research has no automatically detectable WCAG A/AA violations (988ms)
  ✓   76 [webkit] › apps/web/e2e/accessibility.spec.ts:42:7 › /research/resilience has no automatically detectable WCAG A/AA violations (1.0s)
  ✓   77 [webkit] › apps/web/e2e/accessibility.spec.ts:42:7 › /research/concordia has no automatically detectable WCAG A/AA violations (1.0s)
  ✓   79 [webkit] › apps/web/e2e/accessibility.spec.ts:42:7 › /this-route-does-not-exist has no automatically detectable WCAG A/AA violations (903ms)
  ✓   78 [webkit] › apps/web/e2e/accessibility.spec.ts:42:7 › /privacy has no automatically detectable WCAG A/AA violations (1.2s)
  ✓   81 [webkit] › apps/web/e2e/accessibility.spec.ts:62:5 › / reading mode is entered and axe-scanned as the complete article (1.7s)
  ✓   80 [webkit] › apps/web/e2e/accessibility.spec.ts:52:5 › / guided mode has no automatically detectable WCAG A/AA violations (1.9s)
  ✓   82 [webkit] › apps/web/e2e/cinematic.spec.ts:15:5 › one canvas survives every world, reverse jumps, and the observer (2.7s)
  -   84 [webkit] › apps/web/e2e/cinematic.spec.ts:81:5 › observer continues moving while scroll stays still and reduced motion freezes it
  ✓   83 [webkit] › apps/web/e2e/cinematic.spec.ts:54:5 › the telescope can be entered, exited, and reversed during travel (3.1s)
  ✓   86 [webkit] › apps/web/e2e/explorers.spec.ts:4:7 › Observatory URL state › restores and updates a shareable scenario/instrument selection (2.8s)
  ✓   87 [webkit] › apps/web/e2e/explorers.spec.ts:77:7 › Atlas analytical controls › deduplicates malformed comparison URLs before enforcing the limit (951ms)
  ✓   85 [webkit] › apps/web/e2e/cinematic.spec.ts:109:5 › desktop and mobile compositions have no page overflow and retain readable profiles (3.9s)
  ✓   88 [webkit] › apps/web/e2e/explorers.spec.ts:87:7 › Atlas analytical controls › restores comparison state and enforces the three-scenario limit (1.2s)
  ✓   89 [webkit] › apps/web/e2e/explorers.spec.ts:114:7 › Atlas analytical controls › switches among sourced analytical dimensions without ranking scenarios (1.3s)
  ✓   91 [webkit] › apps/web/e2e/explorers.spec.ts:191:7 › Methods validation disclosure › bounds the independent report and serves the manifest-verified artifact (592ms)
  ✓   90 [webkit] › apps/web/e2e/explorers.spec.ts:153:7 › Atlas analytical controls › keeps chronology, downloads, museum rights, and record detail evidence distinct (769ms)
  ✓   93 [webkit] › apps/web/e2e/security.spec.ts:25:5 › does not send HSTS from the default local HTTP deployment (9ms)
  ✓   92 [webkit] › apps/web/e2e/security.spec.ts:3:5 › serves an enforced CSP for the static app and admitted spatial resources (694ms)
  ✓   94 [webkit] › apps/web/e2e/story.spec.ts:14:5 › the story is complete before WebGL and links every scenario to its data (963ms)
  ✓   95 [webkit] › apps/web/e2e/story.spec.ts:41:5 › keyboard jumps and fast reversals reconcile to the final chapter (1.7s)
  ✓   96 [webkit] › apps/web/e2e/story.spec.ts:56:5 › reading mode preserves all ten profiles, matrix and native data table (1.5s)
  ✓   97 [webkit] › apps/web/e2e/story.spec.ts:76:5 › matrix preserves blanks and reports the selected canonical signatures (1.1s)
  ✓   98 [webkit] › apps/web/e2e/story.spec.ts:90:5 › log chart selection exposes exact canonical values (1.1s)
  ✓   99 [webkit] › apps/web/e2e/story.spec.ts:107:5 › index closes with Escape and restores focus (1.0s)
  ✓  100 [webkit] › apps/web/e2e/story.spec.ts:119:5 › reduced motion remains selected after reload and restores a session chapter (1.7s)
  ✓  101 [webkit] › apps/web/e2e/story.spec.ts:133:5 › WebGL failure preserves story and offers a retry (1.0s)
  ✓  102 [webkit] › apps/web/e2e/story.spec.ts:170:5 › core narrative and source tables survive JavaScript being unavailable (432ms)
(node:72106) Warning: The 'NO_COLOR' env is ignored due to the 'FORCE_COLOR' env being set.
(Use `node --trace-warnings ...` to show where the warning was created)
(node:72108) Warning: The 'NO_COLOR' env is ignored due to the 'FORCE_COLOR' env being set.
(Use `node --trace-warnings ...` to show where the warning was created)
  ✓  103 [mobile-chromium] › apps/web/e2e/accessibility.spec.ts:42:7 › /observatory?scenario=S9&instrument=deep_space_probes has no automatically detectable WCAG A/AA violations (1.1s)
  ✓  104 [mobile-chromium] › apps/web/e2e/accessibility.spec.ts:42:7 › /atlas?compare=S1,S4,S9 has no automatically detectable WCAG A/AA violations (1.2s)
  ✓  106 [mobile-chromium] › apps/web/e2e/accessibility.spec.ts:42:7 › /methods has no automatically detectable WCAG A/AA violations (667ms)
  ✓  105 [mobile-chromium] › apps/web/e2e/accessibility.spec.ts:42:7 › /atlas/s9 has no automatically detectable WCAG A/AA violations (938ms)
  ✓  108 [mobile-chromium] › apps/web/e2e/accessibility.spec.ts:42:7 › /accessibility has no automatically detectable WCAG A/AA violations (575ms)
  ✓  107 [mobile-chromium] › apps/web/e2e/accessibility.spec.ts:42:7 › /sources has no automatically detectable WCAG A/AA violations (1.3s)
  ✓  109 [mobile-chromium] › apps/web/e2e/accessibility.spec.ts:42:7 › /research has no automatically detectable WCAG A/AA violations (609ms)
  ✓  110 [mobile-chromium] › apps/web/e2e/accessibility.spec.ts:42:7 › /research/resilience has no automatically detectable WCAG A/AA violations (651ms)
  ✓  111 [mobile-chromium] › apps/web/e2e/accessibility.spec.ts:42:7 › /research/concordia has no automatically detectable WCAG A/AA violations (652ms)
  ✓  113 [mobile-chromium] › apps/web/e2e/accessibility.spec.ts:42:7 › /this-route-does-not-exist has no automatically detectable WCAG A/AA violations (547ms)
  ✓  112 [mobile-chromium] › apps/web/e2e/accessibility.spec.ts:42:7 › /privacy has no automatically detectable WCAG A/AA violations (592ms)
  ✓  115 [mobile-chromium] › apps/web/e2e/accessibility.spec.ts:62:5 › / reading mode is entered and axe-scanned as the complete article (1.2s)
  ✓  114 [mobile-chromium] › apps/web/e2e/accessibility.spec.ts:52:5 › / guided mode has no automatically detectable WCAG A/AA violations (2.1s)
  ✓  116 [mobile-chromium] › apps/web/e2e/cinematic.spec.ts:15:5 › one canvas survives every world, reverse jumps, and the observer (3.6s)
  -  118 [mobile-chromium] › apps/web/e2e/cinematic.spec.ts:81:5 › observer continues moving while scroll stays still and reduced motion freezes it
  ✓  117 [mobile-chromium] › apps/web/e2e/cinematic.spec.ts:54:5 › the telescope can be entered, exited, and reversed during travel (8.6s)
  ✓  119 [mobile-chromium] › apps/web/e2e/cinematic.spec.ts:109:5 › desktop and mobile compositions have no page overflow and retain readable profiles (10.7s)
  ✓  120 [mobile-chromium] › apps/web/e2e/explorers.spec.ts:4:7 › Observatory URL state › restores and updates a shareable scenario/instrument selection (5.1s)
  ✓  121 [mobile-chromium] › apps/web/e2e/explorers.spec.ts:77:7 › Atlas analytical controls › deduplicates malformed comparison URLs before enforcing the limit (479ms)
  ✓  122 [mobile-chromium] › apps/web/e2e/explorers.spec.ts:87:7 › Atlas analytical controls › restores comparison state and enforces the three-scenario limit (686ms)
  ✓  124 [mobile-chromium] › apps/web/e2e/explorers.spec.ts:153:7 › Atlas analytical controls › keeps chronology, downloads, museum rights, and record detail evidence distinct (576ms)
  ✓  123 [mobile-chromium] › apps/web/e2e/explorers.spec.ts:114:7 › Atlas analytical controls › switches among sourced analytical dimensions without ranking scenarios (849ms)
  ✓  125 [mobile-chromium] › apps/web/e2e/explorers.spec.ts:191:7 › Methods validation disclosure › bounds the independent report and serves the manifest-verified artifact (401ms)
  ✓  127 [mobile-chromium] › apps/web/e2e/security.spec.ts:25:5 › does not send HSTS from the default local HTTP deployment (10ms)
  ✓  126 [mobile-chromium] › apps/web/e2e/security.spec.ts:3:5 › serves an enforced CSP for the static app and admitted spatial resources (761ms)
  ✓  128 [mobile-chromium] › apps/web/e2e/story.spec.ts:14:5 › the story is complete before WebGL and links every scenario to its data (921ms)
  ✓  129 [mobile-chromium] › apps/web/e2e/story.spec.ts:41:5 › keyboard jumps and fast reversals reconcile to the final chapter (1.3s)
  ✓  130 [mobile-chromium] › apps/web/e2e/story.spec.ts:56:5 › reading mode preserves all ten profiles, matrix and native data table (1.2s)
  ✓  131 [mobile-chromium] › apps/web/e2e/story.spec.ts:76:5 › matrix preserves blanks and reports the selected canonical signatures (885ms)
  ✓  132 [mobile-chromium] › apps/web/e2e/story.spec.ts:90:5 › log chart selection exposes exact canonical values (1.2s)
  ✓  133 [mobile-chromium] › apps/web/e2e/story.spec.ts:107:5 › index closes with Escape and restores focus (1.2s)
  ✓  134 [mobile-chromium] › apps/web/e2e/story.spec.ts:119:5 › reduced motion remains selected after reload and restores a session chapter (1.2s)
  ✓  135 [mobile-chromium] › apps/web/e2e/story.spec.ts:133:5 › WebGL failure preserves story and offers a retry (770ms)
  ✓  136 [mobile-chromium] › apps/web/e2e/story.spec.ts:170:5 › core narrative and source tables survive JavaScript being unavailable (294ms)
(node:73489) Warning: The 'NO_COLOR' env is ignored due to the 'FORCE_COLOR' env being set.
(Use `node --trace-warnings ...` to show where the warning was created)
(node:73566) Warning: The 'NO_COLOR' env is ignored due to the 'FORCE_COLOR' env being set.
(Use `node --trace-warnings ...` to show where the warning was created)
  ✓  137 [mobile-webkit] › apps/web/e2e/accessibility.spec.ts:42:7 › /observatory?scenario=S9&instrument=deep_space_probes has no automatically detectable WCAG A/AA violations (1.7s)
  ✓  138 [mobile-webkit] › apps/web/e2e/accessibility.spec.ts:42:7 › /atlas?compare=S1,S4,S9 has no automatically detectable WCAG A/AA violations (1.8s)
  ✓  140 [mobile-webkit] › apps/web/e2e/accessibility.spec.ts:42:7 › /methods has no automatically detectable WCAG A/AA violations (960ms)
  ✓  139 [mobile-webkit] › apps/web/e2e/accessibility.spec.ts:42:7 › /atlas/s9 has no automatically detectable WCAG A/AA violations (1.2s)
  ✓  142 [mobile-webkit] › apps/web/e2e/accessibility.spec.ts:42:7 › /accessibility has no automatically detectable WCAG A/AA violations (883ms)
  ✓  141 [mobile-webkit] › apps/web/e2e/accessibility.spec.ts:42:7 › /sources has no automatically detectable WCAG A/AA violations (1.6s)
  ✓  143 [mobile-webkit] › apps/web/e2e/accessibility.spec.ts:42:7 › /research has no automatically detectable WCAG A/AA violations (935ms)
  ✓  144 [mobile-webkit] › apps/web/e2e/accessibility.spec.ts:42:7 › /research/resilience has no automatically detectable WCAG A/AA violations (935ms)
  ✓  145 [mobile-webkit] › apps/web/e2e/accessibility.spec.ts:42:7 › /research/concordia has no automatically detectable WCAG A/AA violations (914ms)
  ✓  146 [mobile-webkit] › apps/web/e2e/accessibility.spec.ts:42:7 › /privacy has no automatically detectable WCAG A/AA violations (856ms)
  ✓  147 [mobile-webkit] › apps/web/e2e/accessibility.spec.ts:42:7 › /this-route-does-not-exist has no automatically detectable WCAG A/AA violations (799ms)
  ✓  148 [mobile-webkit] › apps/web/e2e/accessibility.spec.ts:52:5 › / guided mode has no automatically detectable WCAG A/AA violations (1.6s)
  ✓  149 [mobile-webkit] › apps/web/e2e/accessibility.spec.ts:62:5 › / reading mode is entered and axe-scanned as the complete article (1.5s)
  ✓  150 [mobile-webkit] › apps/web/e2e/cinematic.spec.ts:15:5 › one canvas survives every world, reverse jumps, and the observer (2.7s)
  -  152 [mobile-webkit] › apps/web/e2e/cinematic.spec.ts:81:5 › observer continues moving while scroll stays still and reduced motion freezes it
  ✓  151 [mobile-webkit] › apps/web/e2e/cinematic.spec.ts:54:5 › the telescope can be entered, exited, and reversed during travel (3.7s)
  ✓  153 [mobile-webkit] › apps/web/e2e/cinematic.spec.ts:109:5 › desktop and mobile compositions have no page overflow and retain readable profiles (3.8s)
  ✓  154 [mobile-webkit] › apps/web/e2e/explorers.spec.ts:4:7 › Observatory URL state › restores and updates a shareable scenario/instrument selection (3.7s)
  ✓  155 [mobile-webkit] › apps/web/e2e/explorers.spec.ts:77:7 › Atlas analytical controls › deduplicates malformed comparison URLs before enforcing the limit (781ms)
  ✓  156 [mobile-webkit] › apps/web/e2e/explorers.spec.ts:87:7 › Atlas analytical controls › restores comparison state and enforces the three-scenario limit (1.0s)
  ✓  157 [mobile-webkit] › apps/web/e2e/explorers.spec.ts:114:7 › Atlas analytical controls › switches among sourced analytical dimensions without ranking scenarios (1.1s)
  ✓  159 [mobile-webkit] › apps/web/e2e/explorers.spec.ts:191:7 › Methods validation disclosure › bounds the independent report and serves the manifest-verified artifact (506ms)
  ✓  158 [mobile-webkit] › apps/web/e2e/explorers.spec.ts:153:7 › Atlas analytical controls › keeps chronology, downloads, museum rights, and record detail evidence distinct (709ms)
  ✓  161 [mobile-webkit] › apps/web/e2e/security.spec.ts:25:5 › does not send HSTS from the default local HTTP deployment (8ms)
  ✓  160 [mobile-webkit] › apps/web/e2e/security.spec.ts:3:5 › serves an enforced CSP for the static app and admitted spatial resources (557ms)
  ✓  162 [mobile-webkit] › apps/web/e2e/story.spec.ts:14:5 › the story is complete before WebGL and links every scenario to its data (742ms)
  ✓  163 [mobile-webkit] › apps/web/e2e/story.spec.ts:41:5 › keyboard jumps and fast reversals reconcile to the final chapter (1.3s)
  ✓  164 [mobile-webkit] › apps/web/e2e/story.spec.ts:56:5 › reading mode preserves all ten profiles, matrix and native data table (1.2s)
  ✓  165 [mobile-webkit] › apps/web/e2e/story.spec.ts:76:5 › matrix preserves blanks and reports the selected canonical signatures (856ms)
  ✓  166 [mobile-webkit] › apps/web/e2e/story.spec.ts:90:5 › log chart selection exposes exact canonical values (1.3s)
  ✓  167 [mobile-webkit] › apps/web/e2e/story.spec.ts:107:5 › index closes with Escape and restores focus (720ms)
  ✓  169 [mobile-webkit] › apps/web/e2e/story.spec.ts:133:5 › WebGL failure preserves story and offers a retry (869ms)
  ✓  168 [mobile-webkit] › apps/web/e2e/story.spec.ts:119:5 › reduced motion remains selected after reload and restores a session chapter (1.3s)
  ✓  170 [mobile-webkit] › apps/web/e2e/story.spec.ts:170:5 › core narrative and source tables survive JavaScript being unavailable (420ms)

  4 skipped
  166 passed (2.2m)
