
> janus-observatory@0.1.0 test:e2e /Users/ceron/Developer/Projects/janus-observatory
> playwright test

[WebServer] (node:52088) Warning: The 'NO_COLOR' env is ignored due to the 'FORCE_COLOR' env being set.
[WebServer] (Use `node --trace-warnings ...` to show where the warning was created)
[WebServer] (node:52186) Warning: The 'NO_COLOR' env is ignored due to the 'FORCE_COLOR' env being set.
[WebServer] (Use `node --trace-warnings ...` to show where the warning was created)
[WebServer] (node:52186) Warning: The 'NO_COLOR' env is ignored due to the 'FORCE_COLOR' env being set.
[WebServer] (Use `node --trace-warnings ...` to show where the warning was created)
[WebServer] (node:52678) Warning: The 'NO_COLOR' env is ignored due to the 'FORCE_COLOR' env being set.
[WebServer] (Use `node --trace-warnings ...` to show where the warning was created)
[WebServer] (node:52677) Warning: The 'NO_COLOR' env is ignored due to the 'FORCE_COLOR' env being set.
[WebServer] (Use `node --trace-warnings ...` to show where the warning was created)
[WebServer] (node:52683) Warning: The 'NO_COLOR' env is ignored due to the 'FORCE_COLOR' env being set.
[WebServer] (Use `node --trace-warnings ...` to show where the warning was created)
[WebServer] (node:52681) Warning: The 'NO_COLOR' env is ignored due to the 'FORCE_COLOR' env being set.
[WebServer] (Use `node --trace-warnings ...` to show where the warning was created)
[WebServer] (node:52687) Warning: The 'NO_COLOR' env is ignored due to the 'FORCE_COLOR' env being set.
[WebServer] (Use `node --trace-warnings ...` to show where the warning was created)
[WebServer] (node:52676) Warning: The 'NO_COLOR' env is ignored due to the 'FORCE_COLOR' env being set.
[WebServer] (Use `node --trace-warnings ...` to show where the warning was created)
[WebServer] (node:52685) Warning: The 'NO_COLOR' env is ignored due to the 'FORCE_COLOR' env being set.
[WebServer] (Use `node --trace-warnings ...` to show where the warning was created)
[WebServer] (node:52686) Warning: The 'NO_COLOR' env is ignored due to the 'FORCE_COLOR' env being set.
[WebServer] (Use `node --trace-warnings ...` to show where the warning was created)
[WebServer] (node:52680) Warning: The 'NO_COLOR' env is ignored due to the 'FORCE_COLOR' env being set.
[WebServer] (Use `node --trace-warnings ...` to show where the warning was created)
[WebServer] (node:52684) Warning: The 'NO_COLOR' env is ignored due to the 'FORCE_COLOR' env being set.
[WebServer] (Use `node --trace-warnings ...` to show where the warning was created)
[WebServer] (node:52688) Warning: The 'NO_COLOR' env is ignored due to the 'FORCE_COLOR' env being set.
[WebServer] (Use `node --trace-warnings ...` to show where the warning was created)
[WebServer] (node:52682) Warning: The 'NO_COLOR' env is ignored due to the 'FORCE_COLOR' env being set.
[WebServer] (Use `node --trace-warnings ...` to show where the warning was created)
[WebServer] (node:52679) Warning: The 'NO_COLOR' env is ignored due to the 'FORCE_COLOR' env being set.
[WebServer] (Use `node --trace-warnings ...` to show where the warning was created)
[WebServer] (node:52701) Warning: The 'NO_COLOR' env is ignored due to the 'FORCE_COLOR' env being set.
[WebServer] (Use `node --trace-warnings ...` to show where the warning was created)
[WebServer] (node:52724) Warning: The 'NO_COLOR' env is ignored due to the 'FORCE_COLOR' env being set.
[WebServer] (Use `node --trace-warnings ...` to show where the warning was created)

Running 170 tests using 2 workers

(node:52807) Warning: The 'NO_COLOR' env is ignored due to the 'FORCE_COLOR' env being set.
(Use `node --trace-warnings ...` to show where the warning was created)
(node:52806) Warning: The 'NO_COLOR' env is ignored due to the 'FORCE_COLOR' env being set.
(Use `node --trace-warnings ...` to show where the warning was created)
  ✓    1 [chromium] › apps/web/e2e/accessibility.spec.ts:42:7 › /observatory?scenario=S9&instrument=deep_space_probes has no automatically detectable WCAG A/AA violations (1.1s)
  ✓    2 [chromium] › apps/web/e2e/accessibility.spec.ts:42:7 › /atlas?compare=S1,S4,S9 has no automatically detectable WCAG A/AA violations (1.2s)
  ✓    4 [chromium] › apps/web/e2e/accessibility.spec.ts:42:7 › /methods has no automatically detectable WCAG A/AA violations (567ms)
  ✓    3 [chromium] › apps/web/e2e/accessibility.spec.ts:42:7 › /atlas/s9 has no automatically detectable WCAG A/AA violations (841ms)
  ✓    6 [chromium] › apps/web/e2e/accessibility.spec.ts:42:7 › /accessibility has no automatically detectable WCAG A/AA violations (502ms)
  ✓    7 [chromium] › apps/web/e2e/accessibility.spec.ts:42:7 › /research has no automatically detectable WCAG A/AA violations (560ms)
  ✓    5 [chromium] › apps/web/e2e/accessibility.spec.ts:42:7 › /sources has no automatically detectable WCAG A/AA violations (1.3s)
  ✓    8 [chromium] › apps/web/e2e/accessibility.spec.ts:42:7 › /research/resilience has no automatically detectable WCAG A/AA violations (549ms)
  ✓    9 [chromium] › apps/web/e2e/accessibility.spec.ts:42:7 › /research/concordia has no automatically detectable WCAG A/AA violations (537ms)
  ✓   10 [chromium] › apps/web/e2e/accessibility.spec.ts:42:7 › /privacy has no automatically detectable WCAG A/AA violations (497ms)
  ✓   11 [chromium] › apps/web/e2e/accessibility.spec.ts:42:7 › /this-route-does-not-exist has no automatically detectable WCAG A/AA violations (493ms)
  ✓   13 [chromium] › apps/web/e2e/accessibility.spec.ts:62:5 › / reading mode is entered and axe-scanned as the complete article (1.3s)
  ✓   12 [chromium] › apps/web/e2e/accessibility.spec.ts:52:5 › / guided mode has no automatically detectable WCAG A/AA violations (1.6s)
  ✓   14 [chromium] › apps/web/e2e/cinematic.spec.ts:13:5 › one canvas survives every world, reverse jumps, and the observer (4.2s)
  ✓   15 [chromium] › apps/web/e2e/cinematic.spec.ts:52:5 › the telescope can be entered, exited, and reversed during travel (6.5s)
  ✓   16 [chromium] › apps/web/e2e/cinematic.spec.ts:79:5 › observer continues moving while scroll stays still and reduced motion freezes it (6.6s)
  ✓   18 [chromium] › apps/web/e2e/explorers.spec.ts:4:7 › Observatory URL state › restores and updates a shareable scenario/instrument selection (3.2s)
  ✓   17 [chromium] › apps/web/e2e/cinematic.spec.ts:107:5 › desktop and mobile compositions have no page overflow and retain readable profiles (7.5s)
  ✓   19 [chromium] › apps/web/e2e/explorers.spec.ts:77:7 › Atlas analytical controls › deduplicates malformed comparison URLs before enforcing the limit (357ms)
  ✓   20 [chromium] › apps/web/e2e/explorers.spec.ts:87:7 › Atlas analytical controls › restores comparison state and enforces the three-scenario limit (675ms)
  ✓   21 [chromium] › apps/web/e2e/explorers.spec.ts:114:7 › Atlas analytical controls › switches among sourced analytical dimensions without ranking scenarios (728ms)
  ✓   22 [chromium] › apps/web/e2e/explorers.spec.ts:153:7 › Atlas analytical controls › keeps chronology, downloads, museum rights, and record detail evidence distinct (471ms)
  ✓   23 [chromium] › apps/web/e2e/explorers.spec.ts:191:7 › Methods validation disclosure › bounds the independent report and serves the manifest-verified artifact (287ms)
  ✓   25 [chromium] › apps/web/e2e/security.spec.ts:25:5 › does not send HSTS from the default local HTTP deployment (7ms)
  ✓   24 [chromium] › apps/web/e2e/security.spec.ts:3:5 › serves an enforced CSP for the static app and admitted spatial resources (378ms)
  ✓   26 [chromium] › apps/web/e2e/story.spec.ts:12:5 › the story is complete before WebGL and links every scenario to its data (534ms)
  ✓   28 [chromium] › apps/web/e2e/story.spec.ts:51:5 › reading mode preserves all ten profiles, matrix and native data table (761ms)
  ✓   27 [chromium] › apps/web/e2e/story.spec.ts:36:5 › keyboard jumps and fast reversals reconcile to the final chapter (1.4s)
  ✓   29 [chromium] › apps/web/e2e/story.spec.ts:71:5 › matrix preserves blanks and reports the selected canonical signatures (805ms)
  ✓   30 [chromium] › apps/web/e2e/story.spec.ts:85:5 › log chart selection exposes exact canonical values (975ms)
  ✓   31 [chromium] › apps/web/e2e/story.spec.ts:102:5 › index closes with Escape and restores focus (1.0s)
  ✓   33 [chromium] › apps/web/e2e/story.spec.ts:128:5 › WebGL failure preserves story and offers a retry (656ms)
  ✓   34 [chromium] › apps/web/e2e/story.spec.ts:156:5 › core narrative and source tables survive JavaScript being unavailable (178ms)
(node:58626) Warning: The 'NO_COLOR' env is ignored due to the 'FORCE_COLOR' env being set.
(Use `node --trace-warnings ...` to show where the warning was created)
  ✓   32 [chromium] › apps/web/e2e/story.spec.ts:114:5 › reduced motion remains selected after reload and restores a session chapter (2.1s)
(node:58630) Warning: The 'NO_COLOR' env is ignored due to the 'FORCE_COLOR' env being set.
(Use `node --trace-warnings ...` to show where the warning was created)
  ✓   35 [firefox] › apps/web/e2e/accessibility.spec.ts:42:7 › /observatory?scenario=S9&instrument=deep_space_probes has no automatically detectable WCAG A/AA violations (1.6s)
  ✓   36 [firefox] › apps/web/e2e/accessibility.spec.ts:42:7 › /atlas?compare=S1,S4,S9 has no automatically detectable WCAG A/AA violations (1.9s)
  ✓   37 [firefox] › apps/web/e2e/accessibility.spec.ts:42:7 › /atlas/s9 has no automatically detectable WCAG A/AA violations (1.2s)
  ✓   38 [firefox] › apps/web/e2e/accessibility.spec.ts:42:7 › /methods has no automatically detectable WCAG A/AA violations (810ms)
  ✓   40 [firefox] › apps/web/e2e/accessibility.spec.ts:42:7 › /accessibility has no automatically detectable WCAG A/AA violations (693ms)
  ✓   39 [firefox] › apps/web/e2e/accessibility.spec.ts:42:7 › /sources has no automatically detectable WCAG A/AA violations (1.7s)
  ✓   41 [firefox] › apps/web/e2e/accessibility.spec.ts:42:7 › /research has no automatically detectable WCAG A/AA violations (729ms)
  ✓   42 [firefox] › apps/web/e2e/accessibility.spec.ts:42:7 › /research/resilience has no automatically detectable WCAG A/AA violations (792ms)
  ✓   43 [firefox] › apps/web/e2e/accessibility.spec.ts:42:7 › /research/concordia has no automatically detectable WCAG A/AA violations (778ms)
  ✓   44 [firefox] › apps/web/e2e/accessibility.spec.ts:42:7 › /privacy has no automatically detectable WCAG A/AA violations (700ms)
  ✓   45 [firefox] › apps/web/e2e/accessibility.spec.ts:42:7 › /this-route-does-not-exist has no automatically detectable WCAG A/AA violations (654ms)
  ✓   47 [firefox] › apps/web/e2e/accessibility.spec.ts:62:5 › / reading mode is entered and axe-scanned as the complete article (1.6s)
  ✓   46 [firefox] › apps/web/e2e/accessibility.spec.ts:52:5 › / guided mode has no automatically detectable WCAG A/AA violations (2.0s)
  ✓   48 [firefox] › apps/web/e2e/cinematic.spec.ts:13:5 › one canvas survives every world, reverse jumps, and the observer (2.8s)
  -   50 [firefox] › apps/web/e2e/cinematic.spec.ts:79:5 › observer continues moving while scroll stays still and reduced motion freezes it
  ✓   49 [firefox] › apps/web/e2e/cinematic.spec.ts:52:5 › the telescope can be entered, exited, and reversed during travel (3.2s)
  ✓   52 [firefox] › apps/web/e2e/explorers.spec.ts:4:7 › Observatory URL state › restores and updates a shareable scenario/instrument selection (928ms)
  ✓   53 [firefox] › apps/web/e2e/explorers.spec.ts:77:7 › Atlas analytical controls › deduplicates malformed comparison URLs before enforcing the limit (372ms)
  ✓   54 [firefox] › apps/web/e2e/explorers.spec.ts:87:7 › Atlas analytical controls › restores comparison state and enforces the three-scenario limit (1.1s)
  ✓   51 [firefox] › apps/web/e2e/cinematic.spec.ts:107:5 › desktop and mobile compositions have no page overflow and retain readable profiles (3.6s)
  ✓   55 [firefox] › apps/web/e2e/explorers.spec.ts:114:7 › Atlas analytical controls › switches among sourced analytical dimensions without ranking scenarios (884ms)
  ✓   56 [firefox] › apps/web/e2e/explorers.spec.ts:153:7 › Atlas analytical controls › keeps chronology, downloads, museum rights, and record detail evidence distinct (569ms)
  ✓   57 [firefox] › apps/web/e2e/explorers.spec.ts:191:7 › Methods validation disclosure › bounds the independent report and serves the manifest-verified artifact (350ms)
  ✓   59 [firefox] › apps/web/e2e/security.spec.ts:25:5 › does not send HSTS from the default local HTTP deployment (9ms)
  ✓   58 [firefox] › apps/web/e2e/security.spec.ts:3:5 › serves an enforced CSP for the static app and admitted spatial resources (387ms)
  ✓   60 [firefox] › apps/web/e2e/story.spec.ts:12:5 › the story is complete before WebGL and links every scenario to its data (658ms)
  ✓   62 [firefox] › apps/web/e2e/story.spec.ts:51:5 › reading mode preserves all ten profiles, matrix and native data table (1.4s)
  ✓   61 [firefox] › apps/web/e2e/story.spec.ts:36:5 › keyboard jumps and fast reversals reconcile to the final chapter (2.4s)
  ✓   63 [firefox] › apps/web/e2e/story.spec.ts:71:5 › matrix preserves blanks and reports the selected canonical signatures (889ms)
  ✓   65 [firefox] › apps/web/e2e/story.spec.ts:102:5 › index closes with Escape and restores focus (655ms)
  ✓   64 [firefox] › apps/web/e2e/story.spec.ts:85:5 › log chart selection exposes exact canonical values (1.4s)
  ✓   67 [firefox] › apps/web/e2e/story.spec.ts:128:5 › WebGL failure preserves story and offers a retry (576ms)
  ✓   68 [firefox] › apps/web/e2e/story.spec.ts:156:5 › core narrative and source tables survive JavaScript being unavailable (224ms)
  ✓   66 [firefox] › apps/web/e2e/story.spec.ts:114:5 › reduced motion remains selected after reload and restores a session chapter (1.3s)
(node:60360) Warning: The 'NO_COLOR' env is ignored due to the 'FORCE_COLOR' env being set.
(Use `node --trace-warnings ...` to show where the warning was created)
(node:60367) Warning: The 'NO_COLOR' env is ignored due to the 'FORCE_COLOR' env being set.
(Use `node --trace-warnings ...` to show where the warning was created)
  ✓   69 [webkit] › apps/web/e2e/accessibility.spec.ts:42:7 › /observatory?scenario=S9&instrument=deep_space_probes has no automatically detectable WCAG A/AA violations (3.3s)
  ✓   70 [webkit] › apps/web/e2e/accessibility.spec.ts:42:7 › /atlas?compare=S1,S4,S9 has no automatically detectable WCAG A/AA violations (3.7s)
  ✓   71 [webkit] › apps/web/e2e/accessibility.spec.ts:42:7 › /atlas/s9 has no automatically detectable WCAG A/AA violations (1.4s)
  ✓   72 [webkit] › apps/web/e2e/accessibility.spec.ts:42:7 › /methods has no automatically detectable WCAG A/AA violations (1.0s)
  ✓   74 [webkit] › apps/web/e2e/accessibility.spec.ts:42:7 › /accessibility has no automatically detectable WCAG A/AA violations (921ms)
  ✓   73 [webkit] › apps/web/e2e/accessibility.spec.ts:42:7 › /sources has no automatically detectable WCAG A/AA violations (1.7s)
  ✓   75 [webkit] › apps/web/e2e/accessibility.spec.ts:42:7 › /research has no automatically detectable WCAG A/AA violations (1.0s)
  ✓   76 [webkit] › apps/web/e2e/accessibility.spec.ts:42:7 › /research/resilience has no automatically detectable WCAG A/AA violations (1.0s)
  ✓   77 [webkit] › apps/web/e2e/accessibility.spec.ts:42:7 › /research/concordia has no automatically detectable WCAG A/AA violations (912ms)
  ✓   78 [webkit] › apps/web/e2e/accessibility.spec.ts:42:7 › /privacy has no automatically detectable WCAG A/AA violations (882ms)
  ✓   79 [webkit] › apps/web/e2e/accessibility.spec.ts:42:7 › /this-route-does-not-exist has no automatically detectable WCAG A/AA violations (796ms)
  ✓   81 [webkit] › apps/web/e2e/accessibility.spec.ts:62:5 › / reading mode is entered and axe-scanned as the complete article (1.4s)
  ✓   80 [webkit] › apps/web/e2e/accessibility.spec.ts:52:5 › / guided mode has no automatically detectable WCAG A/AA violations (1.6s)
  ✓   82 [webkit] › apps/web/e2e/cinematic.spec.ts:13:5 › one canvas survives every world, reverse jumps, and the observer (2.9s)
  -   84 [webkit] › apps/web/e2e/cinematic.spec.ts:79:5 › observer continues moving while scroll stays still and reduced motion freezes it
  ✓   83 [webkit] › apps/web/e2e/cinematic.spec.ts:52:5 › the telescope can be entered, exited, and reversed during travel (3.1s)
  ✓   86 [webkit] › apps/web/e2e/explorers.spec.ts:4:7 › Observatory URL state › restores and updates a shareable scenario/instrument selection (2.9s)
  ✓   85 [webkit] › apps/web/e2e/cinematic.spec.ts:107:5 › desktop and mobile compositions have no page overflow and retain readable profiles (3.7s)
  ✓   87 [webkit] › apps/web/e2e/explorers.spec.ts:77:7 › Atlas analytical controls › deduplicates malformed comparison URLs before enforcing the limit (920ms)
  ✓   88 [webkit] › apps/web/e2e/explorers.spec.ts:87:7 › Atlas analytical controls › restores comparison state and enforces the three-scenario limit (1.2s)
  ✓   89 [webkit] › apps/web/e2e/explorers.spec.ts:114:7 › Atlas analytical controls › switches among sourced analytical dimensions without ranking scenarios (1.3s)
  ✓   90 [webkit] › apps/web/e2e/explorers.spec.ts:153:7 › Atlas analytical controls › keeps chronology, downloads, museum rights, and record detail evidence distinct (770ms)
  ✓   91 [webkit] › apps/web/e2e/explorers.spec.ts:191:7 › Methods validation disclosure › bounds the independent report and serves the manifest-verified artifact (591ms)
  ✓   93 [webkit] › apps/web/e2e/security.spec.ts:25:5 › does not send HSTS from the default local HTTP deployment (7ms)
  ✓   92 [webkit] › apps/web/e2e/security.spec.ts:3:5 › serves an enforced CSP for the static app and admitted spatial resources (728ms)
  ✓   94 [webkit] › apps/web/e2e/story.spec.ts:12:5 › the story is complete before WebGL and links every scenario to its data (972ms)
  ✓   95 [webkit] › apps/web/e2e/story.spec.ts:36:5 › keyboard jumps and fast reversals reconcile to the final chapter (1.6s)
  ✓   96 [webkit] › apps/web/e2e/story.spec.ts:51:5 › reading mode preserves all ten profiles, matrix and native data table (1.4s)
  ✓   97 [webkit] › apps/web/e2e/story.spec.ts:71:5 › matrix preserves blanks and reports the selected canonical signatures (1.1s)
  ✓   98 [webkit] › apps/web/e2e/story.spec.ts:85:5 › log chart selection exposes exact canonical values (1.1s)
  ✓   99 [webkit] › apps/web/e2e/story.spec.ts:102:5 › index closes with Escape and restores focus (904ms)
  ✓  101 [webkit] › apps/web/e2e/story.spec.ts:128:5 › WebGL failure preserves story and offers a retry (999ms)
  ✓  100 [webkit] › apps/web/e2e/story.spec.ts:114:5 › reduced motion remains selected after reload and restores a session chapter (2.1s)
  ✓  102 [webkit] › apps/web/e2e/story.spec.ts:156:5 › core narrative and source tables survive JavaScript being unavailable (429ms)
(node:64398) Warning: The 'NO_COLOR' env is ignored due to the 'FORCE_COLOR' env being set.
(Use `node --trace-warnings ...` to show where the warning was created)
(node:64399) Warning: The 'NO_COLOR' env is ignored due to the 'FORCE_COLOR' env being set.
(Use `node --trace-warnings ...` to show where the warning was created)
  ✓  103 [mobile-chromium] › apps/web/e2e/accessibility.spec.ts:42:7 › /observatory?scenario=S9&instrument=deep_space_probes has no automatically detectable WCAG A/AA violations (1.1s)
  ✓  104 [mobile-chromium] › apps/web/e2e/accessibility.spec.ts:42:7 › /atlas?compare=S1,S4,S9 has no automatically detectable WCAG A/AA violations (1.2s)
  ✓  106 [mobile-chromium] › apps/web/e2e/accessibility.spec.ts:42:7 › /methods has no automatically detectable WCAG A/AA violations (674ms)
  ✓  105 [mobile-chromium] › apps/web/e2e/accessibility.spec.ts:42:7 › /atlas/s9 has no automatically detectable WCAG A/AA violations (960ms)
  ✓  108 [mobile-chromium] › apps/web/e2e/accessibility.spec.ts:42:7 › /accessibility has no automatically detectable WCAG A/AA violations (580ms)
  ✓  107 [mobile-chromium] › apps/web/e2e/accessibility.spec.ts:42:7 › /sources has no automatically detectable WCAG A/AA violations (1.4s)
  ✓  109 [mobile-chromium] › apps/web/e2e/accessibility.spec.ts:42:7 › /research has no automatically detectable WCAG A/AA violations (617ms)
  ✓  111 [mobile-chromium] › apps/web/e2e/accessibility.spec.ts:42:7 › /research/concordia has no automatically detectable WCAG A/AA violations (642ms)
  ✓  110 [mobile-chromium] › apps/web/e2e/accessibility.spec.ts:42:7 › /research/resilience has no automatically detectable WCAG A/AA violations (647ms)
  ✓  113 [mobile-chromium] › apps/web/e2e/accessibility.spec.ts:42:7 › /this-route-does-not-exist has no automatically detectable WCAG A/AA violations (551ms)
  ✓  112 [mobile-chromium] › apps/web/e2e/accessibility.spec.ts:42:7 › /privacy has no automatically detectable WCAG A/AA violations (579ms)
  ✓  115 [mobile-chromium] › apps/web/e2e/accessibility.spec.ts:62:5 › / reading mode is entered and axe-scanned as the complete article (1.1s)
  ✓  114 [mobile-chromium] › apps/web/e2e/accessibility.spec.ts:52:5 › / guided mode has no automatically detectable WCAG A/AA violations (1.7s)
  ✓  116 [mobile-chromium] › apps/web/e2e/cinematic.spec.ts:13:5 › one canvas survives every world, reverse jumps, and the observer (3.3s)
  -  118 [mobile-chromium] › apps/web/e2e/cinematic.spec.ts:79:5 › observer continues moving while scroll stays still and reduced motion freezes it
  ✓  117 [mobile-chromium] › apps/web/e2e/cinematic.spec.ts:52:5 › the telescope can be entered, exited, and reversed during travel (6.8s)
  ✓  120 [mobile-chromium] › apps/web/e2e/explorers.spec.ts:4:7 › Observatory URL state › restores and updates a shareable scenario/instrument selection (3.0s)
  ✓  121 [mobile-chromium] › apps/web/e2e/explorers.spec.ts:77:7 › Atlas analytical controls › deduplicates malformed comparison URLs before enforcing the limit (434ms)
  ✓  122 [mobile-chromium] › apps/web/e2e/explorers.spec.ts:87:7 › Atlas analytical controls › restores comparison state and enforces the three-scenario limit (650ms)
  ✓  123 [mobile-chromium] › apps/web/e2e/explorers.spec.ts:114:7 › Atlas analytical controls › switches among sourced analytical dimensions without ranking scenarios (786ms)
  ✓  124 [mobile-chromium] › apps/web/e2e/explorers.spec.ts:153:7 › Atlas analytical controls › keeps chronology, downloads, museum rights, and record detail evidence distinct (541ms)
  ✓  125 [mobile-chromium] › apps/web/e2e/explorers.spec.ts:191:7 › Methods validation disclosure › bounds the independent report and serves the manifest-verified artifact (353ms)
  ✓  119 [mobile-chromium] › apps/web/e2e/cinematic.spec.ts:107:5 › desktop and mobile compositions have no page overflow and retain readable profiles (10.1s)
  ✓  127 [mobile-chromium] › apps/web/e2e/security.spec.ts:25:5 › does not send HSTS from the default local HTTP deployment (14ms)
  ✓  126 [mobile-chromium] › apps/web/e2e/security.spec.ts:3:5 › serves an enforced CSP for the static app and admitted spatial resources (681ms)
  ✓  128 [mobile-chromium] › apps/web/e2e/story.spec.ts:12:5 › the story is complete before WebGL and links every scenario to its data (841ms)
  ✓  129 [mobile-chromium] › apps/web/e2e/story.spec.ts:36:5 › keyboard jumps and fast reversals reconcile to the final chapter (1.0s)
  ✓  130 [mobile-chromium] › apps/web/e2e/story.spec.ts:51:5 › reading mode preserves all ten profiles, matrix and native data table (1.1s)
  ✓  131 [mobile-chromium] › apps/web/e2e/story.spec.ts:71:5 › matrix preserves blanks and reports the selected canonical signatures (1.2s)
  ✓  132 [mobile-chromium] › apps/web/e2e/story.spec.ts:85:5 › log chart selection exposes exact canonical values (992ms)
  ✓  133 [mobile-chromium] › apps/web/e2e/story.spec.ts:102:5 › index closes with Escape and restores focus (1.1s)
  ✓  134 [mobile-chromium] › apps/web/e2e/story.spec.ts:114:5 › reduced motion remains selected after reload and restores a session chapter (1.3s)
  ✓  136 [mobile-chromium] › apps/web/e2e/story.spec.ts:156:5 › core narrative and source tables survive JavaScript being unavailable (270ms)
  ✓  135 [mobile-chromium] › apps/web/e2e/story.spec.ts:128:5 › WebGL failure preserves story and offers a retry (730ms)
(node:68856) Warning: The 'NO_COLOR' env is ignored due to the 'FORCE_COLOR' env being set.
(Use `node --trace-warnings ...` to show where the warning was created)
(node:68857) Warning: The 'NO_COLOR' env is ignored due to the 'FORCE_COLOR' env being set.
(Use `node --trace-warnings ...` to show where the warning was created)
  ✓  137 [mobile-webkit] › apps/web/e2e/accessibility.spec.ts:42:7 › /observatory?scenario=S9&instrument=deep_space_probes has no automatically detectable WCAG A/AA violations (1.5s)
  ✓  138 [mobile-webkit] › apps/web/e2e/accessibility.spec.ts:42:7 › /atlas?compare=S1,S4,S9 has no automatically detectable WCAG A/AA violations (1.7s)
  ✓  140 [mobile-webkit] › apps/web/e2e/accessibility.spec.ts:42:7 › /methods has no automatically detectable WCAG A/AA violations (923ms)
  ✓  139 [mobile-webkit] › apps/web/e2e/accessibility.spec.ts:42:7 › /atlas/s9 has no automatically detectable WCAG A/AA violations (1.2s)
  ✓  142 [mobile-webkit] › apps/web/e2e/accessibility.spec.ts:42:7 › /accessibility has no automatically detectable WCAG A/AA violations (837ms)
  ✓  141 [mobile-webkit] › apps/web/e2e/accessibility.spec.ts:42:7 › /sources has no automatically detectable WCAG A/AA violations (1.6s)
  ✓  143 [mobile-webkit] › apps/web/e2e/accessibility.spec.ts:42:7 › /research has no automatically detectable WCAG A/AA violations (879ms)
  ✓  144 [mobile-webkit] › apps/web/e2e/accessibility.spec.ts:42:7 › /research/resilience has no automatically detectable WCAG A/AA violations (871ms)
  ✓  145 [mobile-webkit] › apps/web/e2e/accessibility.spec.ts:42:7 › /research/concordia has no automatically detectable WCAG A/AA violations (871ms)
  ✓  146 [mobile-webkit] › apps/web/e2e/accessibility.spec.ts:42:7 › /privacy has no automatically detectable WCAG A/AA violations (819ms)
  ✓  147 [mobile-webkit] › apps/web/e2e/accessibility.spec.ts:42:7 › /this-route-does-not-exist has no automatically detectable WCAG A/AA violations (765ms)
  ✓  148 [mobile-webkit] › apps/web/e2e/accessibility.spec.ts:52:5 › / guided mode has no automatically detectable WCAG A/AA violations (1.6s)
  ✓  149 [mobile-webkit] › apps/web/e2e/accessibility.spec.ts:62:5 › / reading mode is entered and axe-scanned as the complete article (1.5s)
  ✓  150 [mobile-webkit] › apps/web/e2e/cinematic.spec.ts:13:5 › one canvas survives every world, reverse jumps, and the observer (2.8s)
  -  152 [mobile-webkit] › apps/web/e2e/cinematic.spec.ts:79:5 › observer continues moving while scroll stays still and reduced motion freezes it
  ✓  151 [mobile-webkit] › apps/web/e2e/cinematic.spec.ts:52:5 › the telescope can be entered, exited, and reversed during travel (3.5s)
  ✓  153 [mobile-webkit] › apps/web/e2e/cinematic.spec.ts:107:5 › desktop and mobile compositions have no page overflow and retain readable profiles (3.3s)
  ✓  155 [mobile-webkit] › apps/web/e2e/explorers.spec.ts:77:7 › Atlas analytical controls › deduplicates malformed comparison URLs before enforcing the limit (763ms)
  ✓  154 [mobile-webkit] › apps/web/e2e/explorers.spec.ts:4:7 › Observatory URL state › restores and updates a shareable scenario/instrument selection (3.7s)
  ✓  156 [mobile-webkit] › apps/web/e2e/explorers.spec.ts:87:7 › Atlas analytical controls › restores comparison state and enforces the three-scenario limit (1.1s)
  ✓  157 [mobile-webkit] › apps/web/e2e/explorers.spec.ts:114:7 › Atlas analytical controls › switches among sourced analytical dimensions without ranking scenarios (1.1s)
  ✓  159 [mobile-webkit] › apps/web/e2e/explorers.spec.ts:191:7 › Methods validation disclosure › bounds the independent report and serves the manifest-verified artifact (524ms)
  ✓  158 [mobile-webkit] › apps/web/e2e/explorers.spec.ts:153:7 › Atlas analytical controls › keeps chronology, downloads, museum rights, and record detail evidence distinct (726ms)
  ✓  161 [mobile-webkit] › apps/web/e2e/security.spec.ts:25:5 › does not send HSTS from the default local HTTP deployment (8ms)
  ✓  160 [mobile-webkit] › apps/web/e2e/security.spec.ts:3:5 › serves an enforced CSP for the static app and admitted spatial resources (600ms)
  ✓  162 [mobile-webkit] › apps/web/e2e/story.spec.ts:12:5 › the story is complete before WebGL and links every scenario to its data (834ms)
  ✓  163 [mobile-webkit] › apps/web/e2e/story.spec.ts:36:5 › keyboard jumps and fast reversals reconcile to the final chapter (1.5s)
  ✓  164 [mobile-webkit] › apps/web/e2e/story.spec.ts:51:5 › reading mode preserves all ten profiles, matrix and native data table (1.4s)
  ✓  165 [mobile-webkit] › apps/web/e2e/story.spec.ts:71:5 › matrix preserves blanks and reports the selected canonical signatures (943ms)
  ✓  166 [mobile-webkit] › apps/web/e2e/story.spec.ts:85:5 › log chart selection exposes exact canonical values (1.3s)
  ✓  167 [mobile-webkit] › apps/web/e2e/story.spec.ts:102:5 › index closes with Escape and restores focus (764ms)
  ✓  169 [mobile-webkit] › apps/web/e2e/story.spec.ts:128:5 › WebGL failure preserves story and offers a retry (948ms)
  ✓  168 [mobile-webkit] › apps/web/e2e/story.spec.ts:114:5 › reduced motion remains selected after reload and restores a session chapter (1.4s)
  ✓  170 [mobile-webkit] › apps/web/e2e/story.spec.ts:156:5 › core narrative and source tables survive JavaScript being unavailable (432ms)

  4 skipped
  166 passed (2.0m)
