
Running 4 tests using 1 worker

/out/first-light-earth.png is re-generated, writing actual.
  ✓  1 [chromium-swiftshader-linux] › tests/visual-regression.spec.ts:59:5 › First light preserves the reduced-motion composition (8.0s)
  ✓  2 [chromium-swiftshader-linux] › tests/visual-regression.spec.ts:68:5 › The complete story remains legible as an article (3.6s)
  ✓  3 [chromium-swiftshader-linux] › tests/visual-regression.spec.ts:76:5 › Observatory preserves all fourteen independently scaled atmosphere rows (3.7s)
  ✓  4 [chromium-swiftshader-linux] › tests/visual-regression.spec.ts:94:5 › Atlas keeps all five categorical mission cells separate for every scenario (3.1s)

  4 passed (20.1s)
npm notice
npm notice New major version of npm available! 11.16.0 -> 12.0.2
npm notice Changelog: https://github.com/npm/cli/releases/tag/v12.0.2
npm notice To update run: npm install -g npm@12.0.2
npm notice

Running 4 tests using 1 worker

  ✓  1 [chromium-swiftshader-linux] › tests/visual-regression.spec.ts:59:5 › First light preserves the reduced-motion composition (6.2s)
  ✓  2 [chromium-swiftshader-linux] › tests/visual-regression.spec.ts:68:5 › The complete story remains legible as an article (3.4s)
  ✓  3 [chromium-swiftshader-linux] › tests/visual-regression.spec.ts:76:5 › Observatory preserves all fourteen independently scaled atmosphere rows (3.2s)
  ✓  4 [chromium-swiftshader-linux] › tests/visual-regression.spec.ts:94:5 › Atlas keeps all five categorical mission cells separate for every scenario (3.0s)

  4 passed (17.4s)

Running 4 tests using 1 worker

  ✓  1 [chromium-swiftshader-linux] › tests/visual-regression.spec.ts:59:5 › First light preserves the reduced-motion composition (7.3s)
  ✓  2 [chromium-swiftshader-linux] › tests/visual-regression.spec.ts:68:5 › The complete story remains legible as an article (3.6s)
  ✓  3 [chromium-swiftshader-linux] › tests/visual-regression.spec.ts:76:5 › Observatory preserves all fourteen independently scaled atmosphere rows (3.6s)
  ✓  4 [chromium-swiftshader-linux] › tests/visual-regression.spec.ts:94:5 › Atlas keeps all five categorical mission cells separate for every scenario (3.3s)

  4 passed (19.8s)
npm notice
npm notice New major version of npm available! 11.16.0 -> 12.0.2
npm notice Changelog: https://github.com/npm/cli/releases/tag/v12.0.2
npm notice To update run: npm install -g npm@12.0.2
npm notice
