
> janus-observatory@0.1.0 test:e2e /Users/ceron/Developer/Projects/janus-observatory
> playwright test

[WebServer] (node:64090) Warning: The 'NO_COLOR' env is ignored due to the 'FORCE_COLOR' env being set.
[WebServer] (Use `node --trace-warnings ...` to show where the warning was created)
[WebServer] (node:64111) Warning: The 'NO_COLOR' env is ignored due to the 'FORCE_COLOR' env being set.
[WebServer] (Use `node --trace-warnings ...` to show where the warning was created)
[WebServer] (node:64111) Warning: The 'NO_COLOR' env is ignored due to the 'FORCE_COLOR' env being set.
[WebServer] (Use `node --trace-warnings ...` to show where the warning was created)
[WebServer] (node:64217) Warning: The 'NO_COLOR' env is ignored due to the 'FORCE_COLOR' env being set.
[WebServer] (Use `node --trace-warnings ...` to show where the warning was created)
[WebServer] (node:64220) Warning: The 'NO_COLOR' env is ignored due to the 'FORCE_COLOR' env being set.
[WebServer] (Use `node --trace-warnings ...` to show where the warning was created)
[WebServer] (node:64219) Warning: The 'NO_COLOR' env is ignored due to the 'FORCE_COLOR' env being set.
[WebServer] (Use `node --trace-warnings ...` to show where the warning was created)
[WebServer] (node:64215) Warning: The 'NO_COLOR' env is ignored due to the 'FORCE_COLOR' env being set.
[WebServer] (Use `node --trace-warnings ...` to show where the warning was created)
[WebServer] (node:64226) Warning: The 'NO_COLOR' env is ignored due to the 'FORCE_COLOR' env being set.
[WebServer] (Use `node --trace-warnings ...` to show where the warning was created)
[WebServer] (node:64221) Warning: The 'NO_COLOR' env is ignored due to the 'FORCE_COLOR' env being set.
[WebServer] (Use `node --trace-warnings ...` to show where the warning was created)
[WebServer] (node:64216) Warning: The 'NO_COLOR' env is ignored due to the 'FORCE_COLOR' env being set.
[WebServer] (Use `node --trace-warnings ...` to show where the warning was created)
[WebServer] (node:64218) Warning: The 'NO_COLOR' env is ignored due to the 'FORCE_COLOR' env being set.
[WebServer] (Use `node --trace-warnings ...` to show where the warning was created)
[WebServer] (node:64227) Warning: The 'NO_COLOR' env is ignored due to the 'FORCE_COLOR' env being set.
[WebServer] (Use `node --trace-warnings ...` to show where the warning was created)
[WebServer] (node:64224) Warning: The 'NO_COLOR' env is ignored due to the 'FORCE_COLOR' env being set.
[WebServer] (Use `node --trace-warnings ...` to show where the warning was created)
[WebServer] (node:64225) Warning: The 'NO_COLOR' env is ignored due to the 'FORCE_COLOR' env being set.
[WebServer] (Use `node --trace-warnings ...` to show where the warning was created)
[WebServer] (node:64223) Warning: The 'NO_COLOR' env is ignored due to the 'FORCE_COLOR' env being set.
[WebServer] (Use `node --trace-warnings ...` to show where the warning was created)
[WebServer] (node:64222) Warning: The 'NO_COLOR' env is ignored due to the 'FORCE_COLOR' env being set.
[WebServer] (Use `node --trace-warnings ...` to show where the warning was created)
[WebServer] (node:64234) Warning: The 'NO_COLOR' env is ignored due to the 'FORCE_COLOR' env being set.
[WebServer] (Use `node --trace-warnings ...` to show where the warning was created)
[WebServer] (node:64256) Warning: The 'NO_COLOR' env is ignored due to the 'FORCE_COLOR' env being set.
[WebServer] (Use `node --trace-warnings ...` to show where the warning was created)

Running 170 tests using 2 workers

(node:64262) Warning: The 'NO_COLOR' env is ignored due to the 'FORCE_COLOR' env being set.
(Use `node --trace-warnings ...` to show where the warning was created)
(node:64263) Warning: The 'NO_COLOR' env is ignored due to the 'FORCE_COLOR' env being set.
(Use `node --trace-warnings ...` to show where the warning was created)
  ✓    2 [chromium] › apps/web/e2e/accessibility.spec.ts:42:7 › /observatory?scenario=S9&instrument=deep_space_probes has no automatically detectable WCAG A/AA violations (912ms)
  ✓    1 [chromium] › apps/web/e2e/accessibility.spec.ts:42:7 › /atlas?compare=S1,S4,S9 has no automatically detectable WCAG A/AA violations (1.0s)
  ✓    4 [chromium] › apps/web/e2e/accessibility.spec.ts:42:7 › /methods has no automatically detectable WCAG A/AA violations (613ms)
  ✓    3 [chromium] › apps/web/e2e/accessibility.spec.ts:42:7 › /atlas/s9 has no automatically detectable WCAG A/AA violations (880ms)
  ✓    6 [chromium] › apps/web/e2e/accessibility.spec.ts:42:7 › /accessibility has no automatically detectable WCAG A/AA violations (524ms)
  ✓    7 [chromium] › apps/web/e2e/accessibility.spec.ts:42:7 › /research has no automatically detectable WCAG A/AA violations (547ms)
  ✓    5 [chromium] › apps/web/e2e/accessibility.spec.ts:42:7 › /sources has no automatically detectable WCAG A/AA violations (1.4s)
  ✓    8 [chromium] › apps/web/e2e/accessibility.spec.ts:42:7 › /research/resilience has no automatically detectable WCAG A/AA violations (546ms)
  ✓    9 [chromium] › apps/web/e2e/accessibility.spec.ts:42:7 › /research/concordia has no automatically detectable WCAG A/AA violations (528ms)
  ✓   10 [chromium] › apps/web/e2e/accessibility.spec.ts:42:7 › /privacy has no automatically detectable WCAG A/AA violations (496ms)
  ✓   11 [chromium] › apps/web/e2e/accessibility.spec.ts:42:7 › /this-route-does-not-exist has no automatically detectable WCAG A/AA violations (476ms)
  ✓   13 [chromium] › apps/web/e2e/accessibility.spec.ts:62:5 › / reading mode is entered and axe-scanned as the complete article (1.3s)
  ✓   12 [chromium] › apps/web/e2e/accessibility.spec.ts:52:5 › / guided mode has no automatically detectable WCAG A/AA violations (1.5s)
  ✓   14 [chromium] › apps/web/e2e/cinematic.spec.ts:13:5 › one canvas survives every world, reverse jumps, and the observer (3.7s)
  ✓   15 [chromium] › apps/web/e2e/cinematic.spec.ts:52:5 › the telescope can be entered, exited, and reversed during travel (5.2s)
  ✓   16 [chromium] › apps/web/e2e/cinematic.spec.ts:79:5 › observer continues moving while scroll stays still and reduced motion freezes it (5.8s)
  ✓   17 [chromium] › apps/web/e2e/cinematic.spec.ts:107:5 › desktop and mobile compositions have no page overflow and retain readable profiles (6.4s)
  ✓   19 [chromium] › apps/web/e2e/explorers.spec.ts:77:7 › Atlas analytical controls › deduplicates malformed comparison URLs before enforcing the limit (333ms)
  ✓   18 [chromium] › apps/web/e2e/explorers.spec.ts:4:7 › Observatory URL state › restores and updates a shareable scenario/instrument selection (2.7s)
  ✓   20 [chromium] › apps/web/e2e/explorers.spec.ts:87:7 › Atlas analytical controls › restores comparison state and enforces the three-scenario limit (607ms)
  ✓   21 [chromium] › apps/web/e2e/explorers.spec.ts:114:7 › Atlas analytical controls › switches among sourced analytical dimensions without ranking scenarios (689ms)
  ✓   22 [chromium] › apps/web/e2e/explorers.spec.ts:153:7 › Atlas analytical controls › keeps chronology, downloads, museum rights, and record detail evidence distinct (474ms)
  ✓   23 [chromium] › apps/web/e2e/explorers.spec.ts:191:7 › Methods validation disclosure › bounds the independent report and serves the manifest-verified artifact (274ms)
  ✓   25 [chromium] › apps/web/e2e/security.spec.ts:25:5 › does not send HSTS from the default local HTTP deployment (8ms)
  ✓   24 [chromium] › apps/web/e2e/security.spec.ts:3:5 › serves an enforced CSP for the static app and admitted spatial resources (407ms)
  ✓   26 [chromium] › apps/web/e2e/story.spec.ts:12:5 › the story is complete before WebGL and links every scenario to its data (538ms)
  ✓   28 [chromium] › apps/web/e2e/story.spec.ts:51:5 › reading mode preserves all ten profiles, matrix and native data table (946ms)
  ✓   27 [chromium] › apps/web/e2e/story.spec.ts:36:5 › keyboard jumps and fast reversals reconcile to the final chapter (1.3s)
  ✓   29 [chromium] › apps/web/e2e/story.spec.ts:71:5 › matrix preserves blanks and reports the selected canonical signatures (665ms)
  ✓   30 [chromium] › apps/web/e2e/story.spec.ts:85:5 › log chart selection exposes exact canonical values (743ms)
  ✓   31 [chromium] › apps/web/e2e/story.spec.ts:102:5 › index closes with Escape and restores focus (689ms)
  ✓   33 [chromium] › apps/web/e2e/story.spec.ts:128:5 › WebGL failure preserves story and offers a retry (569ms)
  ✓   34 [chromium] › apps/web/e2e/story.spec.ts:156:5 › core narrative and source tables survive JavaScript being unavailable (185ms)
(node:66034) Warning: The 'NO_COLOR' env is ignored due to the 'FORCE_COLOR' env being set.
(Use `node --trace-warnings ...` to show where the warning was created)
  ✓   32 [chromium] › apps/web/e2e/story.spec.ts:114:5 › reduced motion remains selected after reload and restores a session chapter (1.5s)
(node:66045) Warning: The 'NO_COLOR' env is ignored due to the 'FORCE_COLOR' env being set.
(Use `node --trace-warnings ...` to show where the warning was created)
  ✓   35 [firefox] › apps/web/e2e/accessibility.spec.ts:42:7 › /observatory?scenario=S9&instrument=deep_space_probes has no automatically detectable WCAG A/AA violations (1.7s)
  ✓   36 [firefox] › apps/web/e2e/accessibility.spec.ts:42:7 › /atlas?compare=S1,S4,S9 has no automatically detectable WCAG A/AA violations (1.9s)
  ✓   37 [firefox] › apps/web/e2e/accessibility.spec.ts:42:7 › /atlas/s9 has no automatically detectable WCAG A/AA violations (1.6s)
  ✓   38 [firefox] › apps/web/e2e/accessibility.spec.ts:42:7 › /methods has no automatically detectable WCAG A/AA violations (1.1s)
  ✓   40 [firefox] › apps/web/e2e/accessibility.spec.ts:42:7 › /accessibility has no automatically detectable WCAG A/AA violations (690ms)
  ✓   41 [firefox] › apps/web/e2e/accessibility.spec.ts:42:7 › /research has no automatically detectable WCAG A/AA violations (746ms)
  ✓   39 [firefox] › apps/web/e2e/accessibility.spec.ts:42:7 › /sources has no automatically detectable WCAG A/AA violations (1.8s)
  ✓   42 [firefox] › apps/web/e2e/accessibility.spec.ts:42:7 › /research/resilience has no automatically detectable WCAG A/AA violations (778ms)
  ✓   43 [firefox] › apps/web/e2e/accessibility.spec.ts:42:7 › /research/concordia has no automatically detectable WCAG A/AA violations (809ms)
  ✓   44 [firefox] › apps/web/e2e/accessibility.spec.ts:42:7 › /privacy has no automatically detectable WCAG A/AA violations (753ms)
  ✓   45 [firefox] › apps/web/e2e/accessibility.spec.ts:42:7 › /this-route-does-not-exist has no automatically detectable WCAG A/AA violations (761ms)
  ✓   46 [firefox] › apps/web/e2e/accessibility.spec.ts:52:5 › / guided mode has no automatically detectable WCAG A/AA violations (1.6s)
  ✓   47 [firefox] › apps/web/e2e/accessibility.spec.ts:62:5 › / reading mode is entered and axe-scanned as the complete article (1.6s)
  ✓   48 [firefox] › apps/web/e2e/cinematic.spec.ts:13:5 › one canvas survives every world, reverse jumps, and the observer (2.2s)
  -   50 [firefox] › apps/web/e2e/cinematic.spec.ts:79:5 › observer continues moving while scroll stays still and reduced motion freezes it
  ✓   49 [firefox] › apps/web/e2e/cinematic.spec.ts:52:5 › the telescope can be entered, exited, and reversed during travel (4.0s)
  ✓   52 [firefox] › apps/web/e2e/explorers.spec.ts:4:7 › Observatory URL state › restores and updates a shareable scenario/instrument selection (943ms)
  ✓   53 [firefox] › apps/web/e2e/explorers.spec.ts:77:7 › Atlas analytical controls › deduplicates malformed comparison URLs before enforcing the limit (383ms)
  ✓   51 [firefox] › apps/web/e2e/cinematic.spec.ts:107:5 › desktop and mobile compositions have no page overflow and retain readable profiles (3.5s)
  ✓   54 [firefox] › apps/web/e2e/explorers.spec.ts:87:7 › Atlas analytical controls › restores comparison state and enforces the three-scenario limit (992ms)
  ✓   55 [firefox] › apps/web/e2e/explorers.spec.ts:114:7 › Atlas analytical controls › switches among sourced analytical dimensions without ranking scenarios (890ms)
  ✓   57 [firefox] › apps/web/e2e/explorers.spec.ts:191:7 › Methods validation disclosure › bounds the independent report and serves the manifest-verified artifact (392ms)
  ✓   56 [firefox] › apps/web/e2e/explorers.spec.ts:153:7 › Atlas analytical controls › keeps chronology, downloads, museum rights, and record detail evidence distinct (720ms)
  ✓   59 [firefox] › apps/web/e2e/security.spec.ts:25:5 › does not send HSTS from the default local HTTP deployment (12ms)
  ✓   58 [firefox] › apps/web/e2e/security.spec.ts:3:5 › serves an enforced CSP for the static app and admitted spatial resources (574ms)
  ✓   60 [firefox] › apps/web/e2e/story.spec.ts:12:5 › the story is complete before WebGL and links every scenario to its data (687ms)
  ✓   61 [firefox] › apps/web/e2e/story.spec.ts:36:5 › keyboard jumps and fast reversals reconcile to the final chapter (1.2s)
  ✓   62 [firefox] › apps/web/e2e/story.spec.ts:51:5 › reading mode preserves all ten profiles, matrix and native data table (1.0s)
  ✓   63 [firefox] › apps/web/e2e/story.spec.ts:71:5 › matrix preserves blanks and reports the selected canonical signatures (908ms)
  ✓   64 [firefox] › apps/web/e2e/story.spec.ts:85:5 › log chart selection exposes exact canonical values (873ms)
  ✓   65 [firefox] › apps/web/e2e/story.spec.ts:102:5 › index closes with Escape and restores focus (521ms)
  ✓   66 [firefox] › apps/web/e2e/story.spec.ts:114:5 › reduced motion remains selected after reload and restores a session chapter (1.0s)
  ✓   68 [firefox] › apps/web/e2e/story.spec.ts:156:5 › core narrative and source tables survive JavaScript being unavailable (269ms)
  ✓   67 [firefox] › apps/web/e2e/story.spec.ts:128:5 › WebGL failure preserves story and offers a retry (1.3s)
(node:67215) Warning: The 'NO_COLOR' env is ignored due to the 'FORCE_COLOR' env being set.
(Use `node --trace-warnings ...` to show where the warning was created)
(node:67312) Warning: The 'NO_COLOR' env is ignored due to the 'FORCE_COLOR' env being set.
(Use `node --trace-warnings ...` to show where the warning was created)
  ✓   69 [webkit] › apps/web/e2e/accessibility.spec.ts:42:7 › /observatory?scenario=S9&instrument=deep_space_probes has no automatically detectable WCAG A/AA violations (2.8s)
  ✓   70 [webkit] › apps/web/e2e/accessibility.spec.ts:42:7 › /atlas?compare=S1,S4,S9 has no automatically detectable WCAG A/AA violations (3.1s)
  ✓   71 [webkit] › apps/web/e2e/accessibility.spec.ts:42:7 › /atlas/s9 has no automatically detectable WCAG A/AA violations (1.4s)
  ✓   72 [webkit] › apps/web/e2e/accessibility.spec.ts:42:7 › /methods has no automatically detectable WCAG A/AA violations (1.0s)
  ✓   74 [webkit] › apps/web/e2e/accessibility.spec.ts:42:7 › /accessibility has no automatically detectable WCAG A/AA violations (978ms)
  ✓   73 [webkit] › apps/web/e2e/accessibility.spec.ts:42:7 › /sources has no automatically detectable WCAG A/AA violations (1.7s)
  ✓   75 [webkit] › apps/web/e2e/accessibility.spec.ts:42:7 › /research has no automatically detectable WCAG A/AA violations (975ms)
  ✓   76 [webkit] › apps/web/e2e/accessibility.spec.ts:42:7 › /research/resilience has no automatically detectable WCAG A/AA violations (999ms)
  ✓   77 [webkit] › apps/web/e2e/accessibility.spec.ts:42:7 › /research/concordia has no automatically detectable WCAG A/AA violations (957ms)
  ✓   78 [webkit] › apps/web/e2e/accessibility.spec.ts:42:7 › /privacy has no automatically detectable WCAG A/AA violations (903ms)
  ✓   79 [webkit] › apps/web/e2e/accessibility.spec.ts:42:7 › /this-route-does-not-exist has no automatically detectable WCAG A/AA violations (804ms)
  ✓   80 [webkit] › apps/web/e2e/accessibility.spec.ts:52:5 › / guided mode has no automatically detectable WCAG A/AA violations (1.7s)
  ✓   81 [webkit] › apps/web/e2e/accessibility.spec.ts:62:5 › / reading mode is entered and axe-scanned as the complete article (1.5s)
  ✓   82 [webkit] › apps/web/e2e/cinematic.spec.ts:13:5 › one canvas survives every world, reverse jumps, and the observer (2.8s)
  -   84 [webkit] › apps/web/e2e/cinematic.spec.ts:79:5 › observer continues moving while scroll stays still and reduced motion freezes it
  ✓   83 [webkit] › apps/web/e2e/cinematic.spec.ts:52:5 › the telescope can be entered, exited, and reversed during travel (3.0s)
  ✓   86 [webkit] › apps/web/e2e/explorers.spec.ts:4:7 › Observatory URL state › restores and updates a shareable scenario/instrument selection (2.9s)
  ✓   85 [webkit] › apps/web/e2e/cinematic.spec.ts:107:5 › desktop and mobile compositions have no page overflow and retain readable profiles (3.5s)
  ✓   87 [webkit] › apps/web/e2e/explorers.spec.ts:77:7 › Atlas analytical controls › deduplicates malformed comparison URLs before enforcing the limit (971ms)
  ✓   88 [webkit] › apps/web/e2e/explorers.spec.ts:87:7 › Atlas analytical controls › restores comparison state and enforces the three-scenario limit (1.4s)
  ✓   89 [webkit] › apps/web/e2e/explorers.spec.ts:114:7 › Atlas analytical controls › switches among sourced analytical dimensions without ranking scenarios (1.4s)
  ✓   90 [webkit] › apps/web/e2e/explorers.spec.ts:153:7 › Atlas analytical controls › keeps chronology, downloads, museum rights, and record detail evidence distinct (829ms)
  ✓   91 [webkit] › apps/web/e2e/explorers.spec.ts:191:7 › Methods validation disclosure › bounds the independent report and serves the manifest-verified artifact (608ms)
  ✓   93 [webkit] › apps/web/e2e/security.spec.ts:25:5 › does not send HSTS from the default local HTTP deployment (14ms)
  ✓   92 [webkit] › apps/web/e2e/security.spec.ts:3:5 › serves an enforced CSP for the static app and admitted spatial resources (743ms)
  ✓   94 [webkit] › apps/web/e2e/story.spec.ts:12:5 › the story is complete before WebGL and links every scenario to its data (1.2s)
  ✓   95 [webkit] › apps/web/e2e/story.spec.ts:36:5 › keyboard jumps and fast reversals reconcile to the final chapter (1.4s)
  ✓   96 [webkit] › apps/web/e2e/story.spec.ts:51:5 › reading mode preserves all ten profiles, matrix and native data table (1.5s)
  ✓   97 [webkit] › apps/web/e2e/story.spec.ts:71:5 › matrix preserves blanks and reports the selected canonical signatures (1.1s)
  ✓   99 [webkit] › apps/web/e2e/story.spec.ts:102:5 › index closes with Escape and restores focus (945ms)
  ✓   98 [webkit] › apps/web/e2e/story.spec.ts:85:5 › log chart selection exposes exact canonical values (1.2s)
  ✓  101 [webkit] › apps/web/e2e/story.spec.ts:128:5 › WebGL failure preserves story and offers a retry (1.1s)
  ✓  102 [webkit] › apps/web/e2e/story.spec.ts:156:5 › core narrative and source tables survive JavaScript being unavailable (442ms)
  ✓  100 [webkit] › apps/web/e2e/story.spec.ts:114:5 › reduced motion remains selected after reload and restores a session chapter (1.6s)
(node:68590) Warning: The 'NO_COLOR' env is ignored due to the 'FORCE_COLOR' env being set.
(Use `node --trace-warnings ...` to show where the warning was created)
(node:68591) Warning: The 'NO_COLOR' env is ignored due to the 'FORCE_COLOR' env being set.
(Use `node --trace-warnings ...` to show where the warning was created)
  ✓  103 [mobile-chromium] › apps/web/e2e/accessibility.spec.ts:42:7 › /observatory?scenario=S9&instrument=deep_space_probes has no automatically detectable WCAG A/AA violations (985ms)
  ✓  104 [mobile-chromium] › apps/web/e2e/accessibility.spec.ts:42:7 › /atlas?compare=S1,S4,S9 has no automatically detectable WCAG A/AA violations (1.1s)
  ✓  106 [mobile-chromium] › apps/web/e2e/accessibility.spec.ts:42:7 › /methods has no automatically detectable WCAG A/AA violations (682ms)
  ✓  105 [mobile-chromium] › apps/web/e2e/accessibility.spec.ts:42:7 › /atlas/s9 has no automatically detectable WCAG A/AA violations (979ms)
  ✓  108 [mobile-chromium] › apps/web/e2e/accessibility.spec.ts:42:7 › /accessibility has no automatically detectable WCAG A/AA violations (618ms)
  ✓  109 [mobile-chromium] › apps/web/e2e/accessibility.spec.ts:42:7 › /research has no automatically detectable WCAG A/AA violations (637ms)
  ✓  107 [mobile-chromium] › apps/web/e2e/accessibility.spec.ts:42:7 › /sources has no automatically detectable WCAG A/AA violations (1.4s)
  ✓  111 [mobile-chromium] › apps/web/e2e/accessibility.spec.ts:42:7 › /research/concordia has no automatically detectable WCAG A/AA violations (633ms)
  ✓  110 [mobile-chromium] › apps/web/e2e/accessibility.spec.ts:42:7 › /research/resilience has no automatically detectable WCAG A/AA violations (647ms)
  ✓  113 [mobile-chromium] › apps/web/e2e/accessibility.spec.ts:42:7 › /this-route-does-not-exist has no automatically detectable WCAG A/AA violations (529ms)
  ✓  112 [mobile-chromium] › apps/web/e2e/accessibility.spec.ts:42:7 › /privacy has no automatically detectable WCAG A/AA violations (576ms)
  ✓  115 [mobile-chromium] › apps/web/e2e/accessibility.spec.ts:62:5 › / reading mode is entered and axe-scanned as the complete article (1.1s)
  ✓  114 [mobile-chromium] › apps/web/e2e/accessibility.spec.ts:52:5 › / guided mode has no automatically detectable WCAG A/AA violations (1.7s)
  ✓  116 [mobile-chromium] › apps/web/e2e/cinematic.spec.ts:13:5 › one canvas survives every world, reverse jumps, and the observer (2.9s)
  -  118 [mobile-chromium] › apps/web/e2e/cinematic.spec.ts:79:5 › observer continues moving while scroll stays still and reduced motion freezes it
  ✓  117 [mobile-chromium] › apps/web/e2e/cinematic.spec.ts:52:5 › the telescope can be entered, exited, and reversed during travel (6.6s)
  ✓  120 [mobile-chromium] › apps/web/e2e/explorers.spec.ts:4:7 › Observatory URL state › restores and updates a shareable scenario/instrument selection (3.0s)
  ✓  121 [mobile-chromium] › apps/web/e2e/explorers.spec.ts:77:7 › Atlas analytical controls › deduplicates malformed comparison URLs before enforcing the limit (453ms)
  ✓  122 [mobile-chromium] › apps/web/e2e/explorers.spec.ts:87:7 › Atlas analytical controls › restores comparison state and enforces the three-scenario limit (692ms)
  ✓  123 [mobile-chromium] › apps/web/e2e/explorers.spec.ts:114:7 › Atlas analytical controls › switches among sourced analytical dimensions without ranking scenarios (815ms)
  ✓  119 [mobile-chromium] › apps/web/e2e/cinematic.spec.ts:107:5 › desktop and mobile compositions have no page overflow and retain readable profiles (9.6s)
  ✓  124 [mobile-chromium] › apps/web/e2e/explorers.spec.ts:153:7 › Atlas analytical controls › keeps chronology, downloads, museum rights, and record detail evidence distinct (563ms)
  ✓  125 [mobile-chromium] › apps/web/e2e/explorers.spec.ts:191:7 › Methods validation disclosure › bounds the independent report and serves the manifest-verified artifact (383ms)
  ✓  127 [mobile-chromium] › apps/web/e2e/security.spec.ts:25:5 › does not send HSTS from the default local HTTP deployment (8ms)
  ✓  126 [mobile-chromium] › apps/web/e2e/security.spec.ts:3:5 › serves an enforced CSP for the static app and admitted spatial resources (734ms)
  ✓  128 [mobile-chromium] › apps/web/e2e/story.spec.ts:12:5 › the story is complete before WebGL and links every scenario to its data (873ms)
  ✓  129 [mobile-chromium] › apps/web/e2e/story.spec.ts:36:5 › keyboard jumps and fast reversals reconcile to the final chapter (1.4s)
  ✓  130 [mobile-chromium] › apps/web/e2e/story.spec.ts:51:5 › reading mode preserves all ten profiles, matrix and native data table (1.4s)
  ✓  131 [mobile-chromium] › apps/web/e2e/story.spec.ts:71:5 › matrix preserves blanks and reports the selected canonical signatures (914ms)
  ✓  132 [mobile-chromium] › apps/web/e2e/story.spec.ts:85:5 › log chart selection exposes exact canonical values (1.1s)
  ✓  133 [mobile-chromium] › apps/web/e2e/story.spec.ts:102:5 › index closes with Escape and restores focus (1.4s)
  ✓  135 [mobile-chromium] › apps/web/e2e/story.spec.ts:128:5 › WebGL failure preserves story and offers a retry (758ms)
  ✓  136 [mobile-chromium] › apps/web/e2e/story.spec.ts:156:5 › core narrative and source tables survive JavaScript being unavailable (308ms)
(node:70025) Warning: The 'NO_COLOR' env is ignored due to the 'FORCE_COLOR' env being set.
(Use `node --trace-warnings ...` to show where the warning was created)
  ✓  134 [mobile-chromium] › apps/web/e2e/story.spec.ts:114:5 › reduced motion remains selected after reload and restores a session chapter (2.4s)
(node:70037) Warning: The 'NO_COLOR' env is ignored due to the 'FORCE_COLOR' env being set.
(Use `node --trace-warnings ...` to show where the warning was created)
  ✓  137 [mobile-webkit] › apps/web/e2e/accessibility.spec.ts:42:7 › /observatory?scenario=S9&instrument=deep_space_probes has no automatically detectable WCAG A/AA violations (1.7s)
  ✓  138 [mobile-webkit] › apps/web/e2e/accessibility.spec.ts:42:7 › /atlas?compare=S1,S4,S9 has no automatically detectable WCAG A/AA violations (1.8s)
  ✓  139 [mobile-webkit] › apps/web/e2e/accessibility.spec.ts:42:7 › /atlas/s9 has no automatically detectable WCAG A/AA violations (1.4s)
  ✓  140 [mobile-webkit] › apps/web/e2e/accessibility.spec.ts:42:7 › /methods has no automatically detectable WCAG A/AA violations (1.1s)
  ✓  142 [mobile-webkit] › apps/web/e2e/accessibility.spec.ts:42:7 › /accessibility has no automatically detectable WCAG A/AA violations (950ms)
  ✓  141 [mobile-webkit] › apps/web/e2e/accessibility.spec.ts:42:7 › /sources has no automatically detectable WCAG A/AA violations (1.8s)
  ✓  143 [mobile-webkit] › apps/web/e2e/accessibility.spec.ts:42:7 › /research has no automatically detectable WCAG A/AA violations (1.1s)
  ✓  144 [mobile-webkit] › apps/web/e2e/accessibility.spec.ts:42:7 › /research/resilience has no automatically detectable WCAG A/AA violations (1.3s)
  ✓  145 [mobile-webkit] › apps/web/e2e/accessibility.spec.ts:42:7 › /research/concordia has no automatically detectable WCAG A/AA violations (1.3s)
  ✓  146 [mobile-webkit] › apps/web/e2e/accessibility.spec.ts:42:7 › /privacy has no automatically detectable WCAG A/AA violations (903ms)
  ✓  147 [mobile-webkit] › apps/web/e2e/accessibility.spec.ts:42:7 › /this-route-does-not-exist has no automatically detectable WCAG A/AA violations (826ms)
  ✓  148 [mobile-webkit] › apps/web/e2e/accessibility.spec.ts:52:5 › / guided mode has no automatically detectable WCAG A/AA violations (1.7s)
  ✓  149 [mobile-webkit] › apps/web/e2e/accessibility.spec.ts:62:5 › / reading mode is entered and axe-scanned as the complete article (1.6s)
  ✓  150 [mobile-webkit] › apps/web/e2e/cinematic.spec.ts:13:5 › one canvas survives every world, reverse jumps, and the observer (2.9s)
  -  152 [mobile-webkit] › apps/web/e2e/cinematic.spec.ts:79:5 › observer continues moving while scroll stays still and reduced motion freezes it
  ✓  151 [mobile-webkit] › apps/web/e2e/cinematic.spec.ts:52:5 › the telescope can be entered, exited, and reversed during travel (3.7s)
  ✓  153 [mobile-webkit] › apps/web/e2e/cinematic.spec.ts:107:5 › desktop and mobile compositions have no page overflow and retain readable profiles (4.0s)
  ✓  154 [mobile-webkit] › apps/web/e2e/explorers.spec.ts:4:7 › Observatory URL state › restores and updates a shareable scenario/instrument selection (3.7s)
  ✓  155 [mobile-webkit] › apps/web/e2e/explorers.spec.ts:77:7 › Atlas analytical controls › deduplicates malformed comparison URLs before enforcing the limit (805ms)
  ✓  156 [mobile-webkit] › apps/web/e2e/explorers.spec.ts:87:7 › Atlas analytical controls › restores comparison state and enforces the three-scenario limit (1.2s)
  ✓  157 [mobile-webkit] › apps/web/e2e/explorers.spec.ts:114:7 › Atlas analytical controls › switches among sourced analytical dimensions without ranking scenarios (1.5s)
  ✓  158 [mobile-webkit] › apps/web/e2e/explorers.spec.ts:153:7 › Atlas analytical controls › keeps chronology, downloads, museum rights, and record detail evidence distinct (953ms)
  ✓  159 [mobile-webkit] › apps/web/e2e/explorers.spec.ts:191:7 › Methods validation disclosure › bounds the independent report and serves the manifest-verified artifact (576ms)
  ✓  161 [mobile-webkit] › apps/web/e2e/security.spec.ts:25:5 › does not send HSTS from the default local HTTP deployment (13ms)
  ✓  160 [mobile-webkit] › apps/web/e2e/security.spec.ts:3:5 › serves an enforced CSP for the static app and admitted spatial resources (634ms)
  ✓  162 [mobile-webkit] › apps/web/e2e/story.spec.ts:12:5 › the story is complete before WebGL and links every scenario to its data (982ms)
  ✓  163 [mobile-webkit] › apps/web/e2e/story.spec.ts:36:5 › keyboard jumps and fast reversals reconcile to the final chapter (1.9s)
  ✓  164 [mobile-webkit] › apps/web/e2e/story.spec.ts:51:5 › reading mode preserves all ten profiles, matrix and native data table (1.8s)
  ✓  165 [mobile-webkit] › apps/web/e2e/story.spec.ts:71:5 › matrix preserves blanks and reports the selected canonical signatures (988ms)
  ✓  167 [mobile-webkit] › apps/web/e2e/story.spec.ts:102:5 › index closes with Escape and restores focus (908ms)
  ✓  166 [mobile-webkit] › apps/web/e2e/story.spec.ts:85:5 › log chart selection exposes exact canonical values (1.4s)
  ✓  169 [mobile-webkit] › apps/web/e2e/story.spec.ts:128:5 › WebGL failure preserves story and offers a retry (927ms)
  ✓  168 [mobile-webkit] › apps/web/e2e/story.spec.ts:114:5 › reduced motion remains selected after reload and restores a session chapter (1.4s)
  ✓  170 [mobile-webkit] › apps/web/e2e/story.spec.ts:156:5 › core narrative and source tables survive JavaScript being unavailable (456ms)

  4 skipped
  166 passed (2.0m)
